2021-08-08 14:11:21,198 12325 INFO ? odoo: Odoo version 14.0 
2021-08-08 14:11:21,199 12325 INFO ? odoo: addons paths: ['/home/ubuntu/TFM_MDE/odoo/odoo/addons', '/home/ubuntu/.local/share/Odoo/addons/14.0', '/home/ubuntu/TFM_MDE/odoo/addons', '/home/ubuntu/TFM_MDE/src/custom'] 
2021-08-08 14:11:21,199 12325 INFO ? odoo: database: firm01@odoo-db.cnfvu3hjlwx5.eu-west-3.rds.amazonaws.com:5432 
2021-08-08 14:11:21,366 12325 INFO ? odoo.addons.base.models.ir_actions_report: You need Wkhtmltopdf to print a pdf version of the reports. 
2021-08-08 14:11:21,458 12325 INFO ? odoo.service.server: HTTP service (werkzeug) running on ip-172-31-30-204.eu-west-3.compute.internal:8069 
2021-08-08 14:11:21,515 12325 INFO firm01 odoo.modules.loading: loading 1 modules... 
2021-08-08 14:11:21,532 12325 INFO firm01 odoo.modules.loading: 1 modules loaded in 0.02s, 0 queries (+0 extra) 
2021-08-08 14:11:21,545 12325 INFO firm01 odoo.modules.loading: loading 7 modules... 
2021-08-08 14:11:21,586 12325 INFO firm01 odoo.modules.loading: 7 modules loaded in 0.04s, 0 queries (+0 extra) 
2021-08-08 14:11:21,735 12325 INFO firm01 odoo.modules.loading: Modules loaded. 
2021-08-08 14:31:43,518 12325 INFO firm01 odoo.service.server: Initiating shutdown 
2021-08-08 14:31:43,518 12325 INFO firm01 odoo.service.server: Hit CTRL-C again or send a second signal to force the shutdown. 
2021-08-08 14:39:24,662 888 INFO ? odoo: Odoo version 14.0 
2021-08-08 14:39:24,663 888 INFO ? odoo: addons paths: ['/home/ubuntu/TFM_MDE/odoo/odoo/addons', '/home/ubuntu/.local/share/Odoo/addons/14.0', '/home/ubuntu/TFM_MDE/odoo/addons', '/home/ubuntu/TFM_MDE/src/custom'] 
2021-08-08 14:39:24,663 888 INFO ? odoo: database: firm01@odoo-db.cnfvu3hjlwx5.eu-west-3.rds.amazonaws.com:5432 
2021-08-08 14:39:25,004 888 INFO ? odoo.addons.base.models.ir_actions_report: You need Wkhtmltopdf to print a pdf version of the reports. 
2021-08-08 14:39:25,237 888 INFO ? odoo.service.server: HTTP service (werkzeug) running on ip-172-31-30-204.eu-west-3.compute.internal:8069 
2021-08-08 14:39:25,265 888 INFO firm01 odoo.modules.loading: loading 1 modules... 
2021-08-08 14:39:25,282 888 INFO firm01 odoo.modules.loading: 1 modules loaded in 0.02s, 0 queries (+0 extra) 
2021-08-08 14:39:25,308 888 INFO firm01 odoo.modules.loading: loading 7 modules... 
2021-08-08 14:39:25,429 888 INFO firm01 odoo.modules.loading: 7 modules loaded in 0.12s, 0 queries (+0 extra) 
2021-08-08 14:39:25,535 888 INFO firm01 odoo.modules.loading: Modules loaded. 
2021-08-08 14:45:42,432 888 INFO firm01 odoo.service.server: Initiating shutdown 
2021-08-08 14:45:42,432 888 INFO firm01 odoo.service.server: Hit CTRL-C again or send a second signal to force the shutdown. 
2021-08-08 15:00:01,760 1043 INFO ? odoo: Odoo version 14.0 
2021-08-08 15:00:01,761 1043 INFO ? odoo: addons paths: ['/home/ubuntu/TFM_MDE/odoo/odoo/addons', '/home/ubuntu/.local/share/Odoo/addons/14.0', '/home/ubuntu/TFM_MDE/odoo/addons', '/home/ubuntu/TFM_MDE/src/custom'] 
2021-08-08 15:00:01,761 1043 INFO ? odoo: database: firm01@odoo-db.cnfvu3hjlwx5.eu-west-3.rds.amazonaws.com:5432 
2021-08-08 15:00:01,942 1043 INFO ? odoo.addons.base.models.ir_actions_report: You need Wkhtmltopdf to print a pdf version of the reports. 
2021-08-08 15:00:02,065 1043 INFO ? odoo.service.server: HTTP service (werkzeug) running on ip-172-31-30-204.eu-west-3.compute.internal:8069 
2021-08-08 15:00:02,447 1043 INFO firm01 odoo.modules.loading: loading 1 modules... 
2021-08-08 15:00:02,464 1043 INFO firm01 odoo.modules.loading: 1 modules loaded in 0.02s, 0 queries (+0 extra) 
2021-08-08 15:00:02,470 1043 INFO firm01 odoo.modules.loading: loading 7 modules... 
2021-08-08 15:00:02,517 1043 INFO firm01 odoo.modules.loading: 7 modules loaded in 0.05s, 0 queries (+0 extra) 
2021-08-08 15:00:02,631 1043 INFO firm01 odoo.modules.loading: Modules loaded. 
2021-08-08 15:00:29,939 1043 INFO ? odoo.http: HTTP Configuring static files 
2021-08-08 15:00:29,946 1043 INFO firm01 odoo.addons.base.models.ir_http: Generating routing map for key None 
2021-08-08 15:00:30,033 1043 INFO firm01 werkzeug: 88.7.219.254 - - [08/Aug/2021 15:00:30] "GET / HTTP/1.1" 303 - 1 0.002 0.090
2021-08-08 15:00:30,266 1043 INFO firm01 werkzeug: 88.7.219.254 - - [08/Aug/2021 15:00:30] "GET /web HTTP/1.1" 303 - 1 0.173 0.016
2021-08-08 15:00:31,417 1043 INFO firm01 werkzeug: 88.7.219.254 - - [08/Aug/2021 15:00:31] "GET /web/login HTTP/1.1" 500 - 140 0.814 0.264
2021-08-08 15:00:31,439 1043 ERROR firm01 werkzeug: Error on request:
Traceback (most recent call last):
  File "/home/ubuntu/TFM_MDE/odoo/odoo/addons/base/models/ir_http.py", line 237, in _dispatch
    result = request.dispatch()
  File "/home/ubuntu/TFM_MDE/odoo/odoo/http.py", line 806, in dispatch
    r = self._call_function(**self.params)
  File "/home/ubuntu/TFM_MDE/odoo/odoo/http.py", line 359, in _call_function
    return checked_call(self.db, *args, **kwargs)
  File "/home/ubuntu/TFM_MDE/odoo/odoo/service/model.py", line 94, in wrapper
    return f(dbname, *args, **kwargs)
  File "/home/ubuntu/TFM_MDE/odoo/odoo/http.py", line 350, in checked_call
    result.flatten()
  File "/home/ubuntu/TFM_MDE/odoo/odoo/http.py", line 1242, in flatten
    self.response.append(self.render())
  File "/home/ubuntu/TFM_MDE/odoo/odoo/http.py", line 1235, in render
    return env["ir.ui.view"]._render_template(self.template, self.qcontext)
  File "/home/ubuntu/TFM_MDE/odoo/odoo/addons/base/models/ir_ui_view.py", line 1709, in _render_template
    return self.browse(self.get_view_id(template))._render(values, engine)
  File "/home/ubuntu/TFM_MDE/odoo/addons/web_editor/models/ir_ui_view.py", line 28, in _render
    return super(IrUiView, self)._render(values=values, engine=engine, minimal_qcontext=minimal_qcontext)
  File "/home/ubuntu/TFM_MDE/odoo/odoo/addons/base/models/ir_ui_view.py", line 1717, in _render
    return self.env[engine]._render(self.id, qcontext)
  File "/home/ubuntu/TFM_MDE/odoo/odoo/addons/base/models/ir_qweb.py", line 55, in _render
    result = super(IrQWeb, self)._render(id_or_xml_id, values=values, **context)
  File "/home/ubuntu/TFM_MDE/odoo/odoo/addons/base/models/qweb.py", line 258, in _render
    self.compile(template, options)(self, body.append, values or {})
  File "/home/ubuntu/TFM_MDE/odoo/odoo/addons/base/models/qweb.py", line 333, in _compiled_fn
    raise e
  File "/home/ubuntu/TFM_MDE/odoo/odoo/addons/base/models/qweb.py", line 331, in _compiled_fn
    return compiled(self, append, new, options, log)
  File "<template>", line 1, in template_web_login_6
    
  File "/home/ubuntu/TFM_MDE/odoo/odoo/addons/base/models/qweb.py", line 333, in _compiled_fn
    raise e
  File "/home/ubuntu/TFM_MDE/odoo/odoo/addons/base/models/qweb.py", line 331, in _compiled_fn
    return compiled(self, append, new, options, log)
  File "<template>", line 1, in template_web_login_layout_12
    
  File "/home/ubuntu/TFM_MDE/odoo/odoo/addons/base/models/qweb.py", line 338, in _compiled_fn
    raise QWebException("Error to render compiling AST", e, path, node and etree.tostring(node[0], encoding='unicode'), name)
Exception

The above exception was the direct cause of the following exception:

Traceback (most recent call last):
  File "/home/ubuntu/VirtualEnvrnmnt/Odoo/lib/python3.8/site-packages/werkzeug/serving.py", line 306, in run_wsgi
    execute(self.server.app)
  File "/home/ubuntu/VirtualEnvrnmnt/Odoo/lib/python3.8/site-packages/werkzeug/serving.py", line 294, in execute
    application_iter = app(environ, start_response)
  File "/home/ubuntu/TFM_MDE/odoo/odoo/service/server.py", line 441, in app
    return self.app(e, s)
  File "/home/ubuntu/TFM_MDE/odoo/odoo/service/wsgi_server.py", line 124, in application
    return application_unproxied(environ, start_response)
  File "/home/ubuntu/TFM_MDE/odoo/odoo/service/wsgi_server.py", line 99, in application_unproxied
    result = odoo.http.root(environ, start_response)
  File "/home/ubuntu/TFM_MDE/odoo/odoo/http.py", line 1295, in __call__
    return self.dispatch(environ, start_response)
  File "/home/ubuntu/TFM_MDE/odoo/odoo/http.py", line 1263, in __call__
    return self.app(environ, start_wrapped)
  File "/home/ubuntu/VirtualEnvrnmnt/Odoo/lib/python3.8/site-packages/werkzeug/middleware/shared_data.py", line 220, in __call__
    return self.app(environ, start_response)
  File "/home/ubuntu/TFM_MDE/odoo/odoo/http.py", line 1468, in dispatch
    result = ir_http._dispatch()
  File "/home/ubuntu/TFM_MDE/odoo/addons/web_editor/models/ir_http.py", line 21, in _dispatch
    return super(IrHttp, cls)._dispatch()
  File "/home/ubuntu/TFM_MDE/odoo/odoo/addons/base/models/ir_http.py", line 241, in _dispatch
    return cls._handle_exception(e)
  File "/home/ubuntu/TFM_MDE/odoo/odoo/addons/base/models/ir_http.py", line 209, in _handle_exception
    return request._handle_exception(exception)
  File "/home/ubuntu/TFM_MDE/odoo/odoo/http.py", line 744, in _handle_exception
    return super(HttpRequest, self)._handle_exception(exception)
  File "/home/ubuntu/TFM_MDE/odoo/odoo/http.py", line 315, in _handle_exception
    raise exception.with_traceback(None) from new_cause
odoo.addons.base.models.qweb.QWebException: sequence item 1: expected str instance, bool found
Traceback (most recent call last):
  File "/home/ubuntu/TFM_MDE/odoo/odoo/tools/cache.py", line 85, in lookup
    r = d[key]
  File "/home/ubuntu/TFM_MDE/odoo/odoo/tools/func.py", line 71, in wrapper
    return func(self, *args, **kwargs)
  File "/home/ubuntu/TFM_MDE/odoo/odoo/tools/lru.py", line 34, in __getitem__
    a = self.d[obj]
KeyError: ('ir.qweb', <function IrQWeb._get_asset_nodes at 0x7fbf88de0940>, 'web.assets_common', 'es_ES', True, False, '', False, False, False, (None,))

During handling of the above exception, another exception occurred:

Traceback (most recent call last):
  File "/home/ubuntu/TFM_MDE/odoo/odoo/addons/base/models/qweb.py", line 331, in _compiled_fn
    return compiled(self, append, new, options, log)
  File "<template>", line 1, in template_web_frontend_layout_30
  File "<decorator-gen-66>", line 2, in _get_asset_nodes
  File "/home/ubuntu/TFM_MDE/odoo/odoo/tools/cache.py", line 90, in lookup
    value = d[key] = self.method(*args, **kwargs)
  File "/home/ubuntu/TFM_MDE/odoo/odoo/addons/base/models/ir_qweb.py", line 297, in _get_asset_nodes
    return remains + asset.to_node(css=css, js=js, debug=debug, async_load=async_load, defer_load=defer_load, lazy_load=lazy_load)
  File "/home/ubuntu/TFM_MDE/odoo/odoo/addons/base/models/assetsbundle.py", line 153, in to_node
    css_attachments = self.css() or []
  File "/home/ubuntu/TFM_MDE/odoo/odoo/addons/base/models/assetsbundle.py", line 336, in css
    css = self.preprocess_css()
  File "/home/ubuntu/TFM_MDE/odoo/odoo/addons/base/models/assetsbundle.py", line 467, in preprocess_css
    compiled += self.compile_css(assets[0].compile, source)
  File "/home/ubuntu/TFM_MDE/odoo/odoo/addons/base/models/assetsbundle.py", line 533, in compile_css
    compiled = compiler(source)
  File "/home/ubuntu/TFM_MDE/odoo/odoo/addons/base/models/assetsbundle.py", line 885, in compile
    return libsass.compile(
  File "/home/ubuntu/VirtualEnvrnmnt/Odoo/lib/python3.8/site-packages/sass.py", line 613, in compile
    include_paths = os.pathsep.join(include_paths)
TypeError: sequence item 1: expected str instance, bool found

Error to render compiling AST
TypeError: sequence item 1: expected str instance, bool found
Template: web.frontend_layout
Path: /t/html/head/t[1]
Node: <t t-call-assets="web.assets_common" t-js="false"/> - - -
2021-08-08 15:00:31,564 1043 INFO firm01 werkzeug: 88.7.219.254 - - [08/Aug/2021 15:00:31] "GET /favicon.ico HTTP/1.1" 404 - 2 0.005 0.006
2021-08-08 15:00:36,536 1043 INFO firm01 werkzeug: 88.7.219.254 - - [08/Aug/2021 15:00:36] "GET /web/login HTTP/1.1" 500 - 58 0.093 0.035
2021-08-08 15:00:36,544 1043 ERROR firm01 werkzeug: Error on request:
Traceback (most recent call last):
  File "/home/ubuntu/TFM_MDE/odoo/odoo/addons/base/models/ir_http.py", line 237, in _dispatch
    result = request.dispatch()
  File "/home/ubuntu/TFM_MDE/odoo/odoo/http.py", line 806, in dispatch
    r = self._call_function(**self.params)
  File "/home/ubuntu/TFM_MDE/odoo/odoo/http.py", line 359, in _call_function
    return checked_call(self.db, *args, **kwargs)
  File "/home/ubuntu/TFM_MDE/odoo/odoo/service/model.py", line 94, in wrapper
    return f(dbname, *args, **kwargs)
  File "/home/ubuntu/TFM_MDE/odoo/odoo/http.py", line 350, in checked_call
    result.flatten()
  File "/home/ubuntu/TFM_MDE/odoo/odoo/http.py", line 1242, in flatten
    self.response.append(self.render())
  File "/home/ubuntu/TFM_MDE/odoo/odoo/http.py", line 1235, in render
    return env["ir.ui.view"]._render_template(self.template, self.qcontext)
  File "/home/ubuntu/TFM_MDE/odoo/odoo/addons/base/models/ir_ui_view.py", line 1709, in _render_template
    return self.browse(self.get_view_id(template))._render(values, engine)
  File "/home/ubuntu/TFM_MDE/odoo/addons/web_editor/models/ir_ui_view.py", line 28, in _render
    return super(IrUiView, self)._render(values=values, engine=engine, minimal_qcontext=minimal_qcontext)
  File "/home/ubuntu/TFM_MDE/odoo/odoo/addons/base/models/ir_ui_view.py", line 1717, in _render
    return self.env[engine]._render(self.id, qcontext)
  File "/home/ubuntu/TFM_MDE/odoo/odoo/addons/base/models/ir_qweb.py", line 55, in _render
    result = super(IrQWeb, self)._render(id_or_xml_id, values=values, **context)
  File "/home/ubuntu/TFM_MDE/odoo/odoo/addons/base/models/qweb.py", line 258, in _render
    self.compile(template, options)(self, body.append, values or {})
  File "/home/ubuntu/TFM_MDE/odoo/odoo/addons/base/models/qweb.py", line 333, in _compiled_fn
    raise e
  File "/home/ubuntu/TFM_MDE/odoo/odoo/addons/base/models/qweb.py", line 331, in _compiled_fn
    return compiled(self, append, new, options, log)
  File "<template>", line 1, in template_web_login_6
    
  File "/home/ubuntu/TFM_MDE/odoo/odoo/addons/base/models/qweb.py", line 333, in _compiled_fn
    raise e
  File "/home/ubuntu/TFM_MDE/odoo/odoo/addons/base/models/qweb.py", line 331, in _compiled_fn
    return compiled(self, append, new, options, log)
  File "<template>", line 1, in template_web_login_layout_12
    
  File "/home/ubuntu/TFM_MDE/odoo/odoo/addons/base/models/qweb.py", line 338, in _compiled_fn
    raise QWebException("Error to render compiling AST", e, path, node and etree.tostring(node[0], encoding='unicode'), name)
Exception

The above exception was the direct cause of the following exception:

Traceback (most recent call last):
  File "/home/ubuntu/VirtualEnvrnmnt/Odoo/lib/python3.8/site-packages/werkzeug/serving.py", line 306, in run_wsgi
    execute(self.server.app)
  File "/home/ubuntu/VirtualEnvrnmnt/Odoo/lib/python3.8/site-packages/werkzeug/serving.py", line 294, in execute
    application_iter = app(environ, start_response)
  File "/home/ubuntu/TFM_MDE/odoo/odoo/service/server.py", line 441, in app
    return self.app(e, s)
  File "/home/ubuntu/TFM_MDE/odoo/odoo/service/wsgi_server.py", line 124, in application
    return application_unproxied(environ, start_response)
  File "/home/ubuntu/TFM_MDE/odoo/odoo/service/wsgi_server.py", line 99, in application_unproxied
    result = odoo.http.root(environ, start_response)
  File "/home/ubuntu/TFM_MDE/odoo/odoo/http.py", line 1295, in __call__
    return self.dispatch(environ, start_response)
  File "/home/ubuntu/TFM_MDE/odoo/odoo/http.py", line 1263, in __call__
    return self.app(environ, start_wrapped)
  File "/home/ubuntu/VirtualEnvrnmnt/Odoo/lib/python3.8/site-packages/werkzeug/middleware/shared_data.py", line 220, in __call__
    return self.app(environ, start_response)
  File "/home/ubuntu/TFM_MDE/odoo/odoo/http.py", line 1468, in dispatch
    result = ir_http._dispatch()
  File "/home/ubuntu/TFM_MDE/odoo/addons/web_editor/models/ir_http.py", line 21, in _dispatch
    return super(IrHttp, cls)._dispatch()
  File "/home/ubuntu/TFM_MDE/odoo/odoo/addons/base/models/ir_http.py", line 241, in _dispatch
    return cls._handle_exception(e)
  File "/home/ubuntu/TFM_MDE/odoo/odoo/addons/base/models/ir_http.py", line 209, in _handle_exception
    return request._handle_exception(exception)
  File "/home/ubuntu/TFM_MDE/odoo/odoo/http.py", line 744, in _handle_exception
    return super(HttpRequest, self)._handle_exception(exception)
  File "/home/ubuntu/TFM_MDE/odoo/odoo/http.py", line 315, in _handle_exception
    raise exception.with_traceback(None) from new_cause
odoo.addons.base.models.qweb.QWebException: sequence item 1: expected str instance, bool found
Traceback (most recent call last):
  File "/home/ubuntu/TFM_MDE/odoo/odoo/tools/cache.py", line 85, in lookup
    r = d[key]
  File "/home/ubuntu/TFM_MDE/odoo/odoo/tools/func.py", line 71, in wrapper
    return func(self, *args, **kwargs)
  File "/home/ubuntu/TFM_MDE/odoo/odoo/tools/lru.py", line 34, in __getitem__
    a = self.d[obj]
KeyError: ('ir.qweb', <function IrQWeb._get_asset_nodes at 0x7fbf88de0940>, 'web.assets_common', 'es_ES', True, False, '', False, False, False, (None,))

During handling of the above exception, another exception occurred:

Traceback (most recent call last):
  File "/home/ubuntu/TFM_MDE/odoo/odoo/addons/base/models/qweb.py", line 331, in _compiled_fn
    return compiled(self, append, new, options, log)
  File "<template>", line 1, in template_web_frontend_layout_30
  File "<decorator-gen-66>", line 2, in _get_asset_nodes
  File "/home/ubuntu/TFM_MDE/odoo/odoo/tools/cache.py", line 90, in lookup
    value = d[key] = self.method(*args, **kwargs)
  File "/home/ubuntu/TFM_MDE/odoo/odoo/addons/base/models/ir_qweb.py", line 297, in _get_asset_nodes
    return remains + asset.to_node(css=css, js=js, debug=debug, async_load=async_load, defer_load=defer_load, lazy_load=lazy_load)
  File "/home/ubuntu/TFM_MDE/odoo/odoo/addons/base/models/assetsbundle.py", line 153, in to_node
    css_attachments = self.css() or []
  File "/home/ubuntu/TFM_MDE/odoo/odoo/addons/base/models/assetsbundle.py", line 336, in css
    css = self.preprocess_css()
  File "/home/ubuntu/TFM_MDE/odoo/odoo/addons/base/models/assetsbundle.py", line 467, in preprocess_css
    compiled += self.compile_css(assets[0].compile, source)
  File "/home/ubuntu/TFM_MDE/odoo/odoo/addons/base/models/assetsbundle.py", line 533, in compile_css
    compiled = compiler(source)
  File "/home/ubuntu/TFM_MDE/odoo/odoo/addons/base/models/assetsbundle.py", line 885, in compile
    return libsass.compile(
  File "/home/ubuntu/VirtualEnvrnmnt/Odoo/lib/python3.8/site-packages/sass.py", line 613, in compile
    include_paths = os.pathsep.join(include_paths)
TypeError: sequence item 1: expected str instance, bool found

Error to render compiling AST
TypeError: sequence item 1: expected str instance, bool found
Template: web.frontend_layout
Path: /t/html/head/t[1]
Node: <t t-call-assets="web.assets_common" t-js="false"/> - - -
2021-08-08 15:00:38,556 1043 INFO firm01 werkzeug: 88.7.219.254 - - [08/Aug/2021 15:00:38] "GET /web/login HTTP/1.1" 500 - 58 0.080 0.034
2021-08-08 15:00:38,564 1043 ERROR firm01 werkzeug: Error on request:
Traceback (most recent call last):
  File "/home/ubuntu/TFM_MDE/odoo/odoo/addons/base/models/ir_http.py", line 237, in _dispatch
    result = request.dispatch()
  File "/home/ubuntu/TFM_MDE/odoo/odoo/http.py", line 806, in dispatch
    r = self._call_function(**self.params)
  File "/home/ubuntu/TFM_MDE/odoo/odoo/http.py", line 359, in _call_function
    return checked_call(self.db, *args, **kwargs)
  File "/home/ubuntu/TFM_MDE/odoo/odoo/service/model.py", line 94, in wrapper
    return f(dbname, *args, **kwargs)
  File "/home/ubuntu/TFM_MDE/odoo/odoo/http.py", line 350, in checked_call
    result.flatten()
  File "/home/ubuntu/TFM_MDE/odoo/odoo/http.py", line 1242, in flatten
    self.response.append(self.render())
  File "/home/ubuntu/TFM_MDE/odoo/odoo/http.py", line 1235, in render
    return env["ir.ui.view"]._render_template(self.template, self.qcontext)
  File "/home/ubuntu/TFM_MDE/odoo/odoo/addons/base/models/ir_ui_view.py", line 1709, in _render_template
    return self.browse(self.get_view_id(template))._render(values, engine)
  File "/home/ubuntu/TFM_MDE/odoo/addons/web_editor/models/ir_ui_view.py", line 28, in _render
    return super(IrUiView, self)._render(values=values, engine=engine, minimal_qcontext=minimal_qcontext)
  File "/home/ubuntu/TFM_MDE/odoo/odoo/addons/base/models/ir_ui_view.py", line 1717, in _render
    return self.env[engine]._render(self.id, qcontext)
  File "/home/ubuntu/TFM_MDE/odoo/odoo/addons/base/models/ir_qweb.py", line 55, in _render
    result = super(IrQWeb, self)._render(id_or_xml_id, values=values, **context)
  File "/home/ubuntu/TFM_MDE/odoo/odoo/addons/base/models/qweb.py", line 258, in _render
    self.compile(template, options)(self, body.append, values or {})
  File "/home/ubuntu/TFM_MDE/odoo/odoo/addons/base/models/qweb.py", line 333, in _compiled_fn
    raise e
  File "/home/ubuntu/TFM_MDE/odoo/odoo/addons/base/models/qweb.py", line 331, in _compiled_fn
    return compiled(self, append, new, options, log)
  File "<template>", line 1, in template_web_login_6
    
  File "/home/ubuntu/TFM_MDE/odoo/odoo/addons/base/models/qweb.py", line 333, in _compiled_fn
    raise e
  File "/home/ubuntu/TFM_MDE/odoo/odoo/addons/base/models/qweb.py", line 331, in _compiled_fn
    return compiled(self, append, new, options, log)
  File "<template>", line 1, in template_web_login_layout_12
    
  File "/home/ubuntu/TFM_MDE/odoo/odoo/addons/base/models/qweb.py", line 338, in _compiled_fn
    raise QWebException("Error to render compiling AST", e, path, node and etree.tostring(node[0], encoding='unicode'), name)
Exception

The above exception was the direct cause of the following exception:

Traceback (most recent call last):
  File "/home/ubuntu/VirtualEnvrnmnt/Odoo/lib/python3.8/site-packages/werkzeug/serving.py", line 306, in run_wsgi
    execute(self.server.app)
  File "/home/ubuntu/VirtualEnvrnmnt/Odoo/lib/python3.8/site-packages/werkzeug/serving.py", line 294, in execute
    application_iter = app(environ, start_response)
  File "/home/ubuntu/TFM_MDE/odoo/odoo/service/server.py", line 441, in app
    return self.app(e, s)
  File "/home/ubuntu/TFM_MDE/odoo/odoo/service/wsgi_server.py", line 124, in application
    return application_unproxied(environ, start_response)
  File "/home/ubuntu/TFM_MDE/odoo/odoo/service/wsgi_server.py", line 99, in application_unproxied
    result = odoo.http.root(environ, start_response)
  File "/home/ubuntu/TFM_MDE/odoo/odoo/http.py", line 1295, in __call__
    return self.dispatch(environ, start_response)
  File "/home/ubuntu/TFM_MDE/odoo/odoo/http.py", line 1263, in __call__
    return self.app(environ, start_wrapped)
  File "/home/ubuntu/VirtualEnvrnmnt/Odoo/lib/python3.8/site-packages/werkzeug/middleware/shared_data.py", line 220, in __call__
    return self.app(environ, start_response)
  File "/home/ubuntu/TFM_MDE/odoo/odoo/http.py", line 1468, in dispatch
    result = ir_http._dispatch()
  File "/home/ubuntu/TFM_MDE/odoo/addons/web_editor/models/ir_http.py", line 21, in _dispatch
    return super(IrHttp, cls)._dispatch()
  File "/home/ubuntu/TFM_MDE/odoo/odoo/addons/base/models/ir_http.py", line 241, in _dispatch
    return cls._handle_exception(e)
  File "/home/ubuntu/TFM_MDE/odoo/odoo/addons/base/models/ir_http.py", line 209, in _handle_exception
    return request._handle_exception(exception)
  File "/home/ubuntu/TFM_MDE/odoo/odoo/http.py", line 744, in _handle_exception
    return super(HttpRequest, self)._handle_exception(exception)
  File "/home/ubuntu/TFM_MDE/odoo/odoo/http.py", line 315, in _handle_exception
    raise exception.with_traceback(None) from new_cause
odoo.addons.base.models.qweb.QWebException: sequence item 1: expected str instance, bool found
Traceback (most recent call last):
  File "/home/ubuntu/TFM_MDE/odoo/odoo/tools/cache.py", line 85, in lookup
    r = d[key]
  File "/home/ubuntu/TFM_MDE/odoo/odoo/tools/func.py", line 71, in wrapper
    return func(self, *args, **kwargs)
  File "/home/ubuntu/TFM_MDE/odoo/odoo/tools/lru.py", line 34, in __getitem__
    a = self.d[obj]
KeyError: ('ir.qweb', <function IrQWeb._get_asset_nodes at 0x7fbf88de0940>, 'web.assets_common', 'es_ES', True, False, '', False, False, False, (None,))

During handling of the above exception, another exception occurred:

Traceback (most recent call last):
  File "/home/ubuntu/TFM_MDE/odoo/odoo/addons/base/models/qweb.py", line 331, in _compiled_fn
    return compiled(self, append, new, options, log)
  File "<template>", line 1, in template_web_frontend_layout_30
  File "<decorator-gen-66>", line 2, in _get_asset_nodes
  File "/home/ubuntu/TFM_MDE/odoo/odoo/tools/cache.py", line 90, in lookup
    value = d[key] = self.method(*args, **kwargs)
  File "/home/ubuntu/TFM_MDE/odoo/odoo/addons/base/models/ir_qweb.py", line 297, in _get_asset_nodes
    return remains + asset.to_node(css=css, js=js, debug=debug, async_load=async_load, defer_load=defer_load, lazy_load=lazy_load)
  File "/home/ubuntu/TFM_MDE/odoo/odoo/addons/base/models/assetsbundle.py", line 153, in to_node
    css_attachments = self.css() or []
  File "/home/ubuntu/TFM_MDE/odoo/odoo/addons/base/models/assetsbundle.py", line 336, in css
    css = self.preprocess_css()
  File "/home/ubuntu/TFM_MDE/odoo/odoo/addons/base/models/assetsbundle.py", line 467, in preprocess_css
    compiled += self.compile_css(assets[0].compile, source)
  File "/home/ubuntu/TFM_MDE/odoo/odoo/addons/base/models/assetsbundle.py", line 533, in compile_css
    compiled = compiler(source)
  File "/home/ubuntu/TFM_MDE/odoo/odoo/addons/base/models/assetsbundle.py", line 885, in compile
    return libsass.compile(
  File "/home/ubuntu/VirtualEnvrnmnt/Odoo/lib/python3.8/site-packages/sass.py", line 613, in compile
    include_paths = os.pathsep.join(include_paths)
TypeError: sequence item 1: expected str instance, bool found

Error to render compiling AST
TypeError: sequence item 1: expected str instance, bool found
Template: web.frontend_layout
Path: /t/html/head/t[1]
Node: <t t-call-assets="web.assets_common" t-js="false"/> - - -
2021-08-08 15:00:39,466 1043 INFO firm01 werkzeug: 88.7.219.254 - - [08/Aug/2021 15:00:39] "GET /web/login HTTP/1.1" 500 - 58 0.078 0.034
2021-08-08 15:00:39,474 1043 ERROR firm01 werkzeug: Error on request:
Traceback (most recent call last):
  File "/home/ubuntu/TFM_MDE/odoo/odoo/addons/base/models/ir_http.py", line 237, in _dispatch
    result = request.dispatch()
  File "/home/ubuntu/TFM_MDE/odoo/odoo/http.py", line 806, in dispatch
    r = self._call_function(**self.params)
  File "/home/ubuntu/TFM_MDE/odoo/odoo/http.py", line 359, in _call_function
    return checked_call(self.db, *args, **kwargs)
  File "/home/ubuntu/TFM_MDE/odoo/odoo/service/model.py", line 94, in wrapper
    return f(dbname, *args, **kwargs)
  File "/home/ubuntu/TFM_MDE/odoo/odoo/http.py", line 350, in checked_call
    result.flatten()
  File "/home/ubuntu/TFM_MDE/odoo/odoo/http.py", line 1242, in flatten
    self.response.append(self.render())
  File "/home/ubuntu/TFM_MDE/odoo/odoo/http.py", line 1235, in render
    return env["ir.ui.view"]._render_template(self.template, self.qcontext)
  File "/home/ubuntu/TFM_MDE/odoo/odoo/addons/base/models/ir_ui_view.py", line 1709, in _render_template
    return self.browse(self.get_view_id(template))._render(values, engine)
  File "/home/ubuntu/TFM_MDE/odoo/addons/web_editor/models/ir_ui_view.py", line 28, in _render
    return super(IrUiView, self)._render(values=values, engine=engine, minimal_qcontext=minimal_qcontext)
  File "/home/ubuntu/TFM_MDE/odoo/odoo/addons/base/models/ir_ui_view.py", line 1717, in _render
    return self.env[engine]._render(self.id, qcontext)
  File "/home/ubuntu/TFM_MDE/odoo/odoo/addons/base/models/ir_qweb.py", line 55, in _render
    result = super(IrQWeb, self)._render(id_or_xml_id, values=values, **context)
  File "/home/ubuntu/TFM_MDE/odoo/odoo/addons/base/models/qweb.py", line 258, in _render
    self.compile(template, options)(self, body.append, values or {})
  File "/home/ubuntu/TFM_MDE/odoo/odoo/addons/base/models/qweb.py", line 333, in _compiled_fn
    raise e
  File "/home/ubuntu/TFM_MDE/odoo/odoo/addons/base/models/qweb.py", line 331, in _compiled_fn
    return compiled(self, append, new, options, log)
  File "<template>", line 1, in template_web_login_6
    
  File "/home/ubuntu/TFM_MDE/odoo/odoo/addons/base/models/qweb.py", line 333, in _compiled_fn
    raise e
  File "/home/ubuntu/TFM_MDE/odoo/odoo/addons/base/models/qweb.py", line 331, in _compiled_fn
    return compiled(self, append, new, options, log)
  File "<template>", line 1, in template_web_login_layout_12
    
  File "/home/ubuntu/TFM_MDE/odoo/odoo/addons/base/models/qweb.py", line 338, in _compiled_fn
    raise QWebException("Error to render compiling AST", e, path, node and etree.tostring(node[0], encoding='unicode'), name)
Exception

The above exception was the direct cause of the following exception:

Traceback (most recent call last):
  File "/home/ubuntu/VirtualEnvrnmnt/Odoo/lib/python3.8/site-packages/werkzeug/serving.py", line 306, in run_wsgi
    execute(self.server.app)
  File "/home/ubuntu/VirtualEnvrnmnt/Odoo/lib/python3.8/site-packages/werkzeug/serving.py", line 294, in execute
    application_iter = app(environ, start_response)
  File "/home/ubuntu/TFM_MDE/odoo/odoo/service/server.py", line 441, in app
    return self.app(e, s)
  File "/home/ubuntu/TFM_MDE/odoo/odoo/service/wsgi_server.py", line 124, in application
    return application_unproxied(environ, start_response)
  File "/home/ubuntu/TFM_MDE/odoo/odoo/service/wsgi_server.py", line 99, in application_unproxied
    result = odoo.http.root(environ, start_response)
  File "/home/ubuntu/TFM_MDE/odoo/odoo/http.py", line 1295, in __call__
    return self.dispatch(environ, start_response)
  File "/home/ubuntu/TFM_MDE/odoo/odoo/http.py", line 1263, in __call__
    return self.app(environ, start_wrapped)
  File "/home/ubuntu/VirtualEnvrnmnt/Odoo/lib/python3.8/site-packages/werkzeug/middleware/shared_data.py", line 220, in __call__
    return self.app(environ, start_response)
  File "/home/ubuntu/TFM_MDE/odoo/odoo/http.py", line 1468, in dispatch
    result = ir_http._dispatch()
  File "/home/ubuntu/TFM_MDE/odoo/addons/web_editor/models/ir_http.py", line 21, in _dispatch
    return super(IrHttp, cls)._dispatch()
  File "/home/ubuntu/TFM_MDE/odoo/odoo/addons/base/models/ir_http.py", line 241, in _dispatch
    return cls._handle_exception(e)
  File "/home/ubuntu/TFM_MDE/odoo/odoo/addons/base/models/ir_http.py", line 209, in _handle_exception
    return request._handle_exception(exception)
  File "/home/ubuntu/TFM_MDE/odoo/odoo/http.py", line 744, in _handle_exception
    return super(HttpRequest, self)._handle_exception(exception)
  File "/home/ubuntu/TFM_MDE/odoo/odoo/http.py", line 315, in _handle_exception
    raise exception.with_traceback(None) from new_cause
odoo.addons.base.models.qweb.QWebException: sequence item 1: expected str instance, bool found
Traceback (most recent call last):
  File "/home/ubuntu/TFM_MDE/odoo/odoo/tools/cache.py", line 85, in lookup
    r = d[key]
  File "/home/ubuntu/TFM_MDE/odoo/odoo/tools/func.py", line 71, in wrapper
    return func(self, *args, **kwargs)
  File "/home/ubuntu/TFM_MDE/odoo/odoo/tools/lru.py", line 34, in __getitem__
    a = self.d[obj]
KeyError: ('ir.qweb', <function IrQWeb._get_asset_nodes at 0x7fbf88de0940>, 'web.assets_common', 'es_ES', True, False, '', False, False, False, (None,))

During handling of the above exception, another exception occurred:

Traceback (most recent call last):
  File "/home/ubuntu/TFM_MDE/odoo/odoo/addons/base/models/qweb.py", line 331, in _compiled_fn
    return compiled(self, append, new, options, log)
  File "<template>", line 1, in template_web_frontend_layout_30
  File "<decorator-gen-66>", line 2, in _get_asset_nodes
  File "/home/ubuntu/TFM_MDE/odoo/odoo/tools/cache.py", line 90, in lookup
    value = d[key] = self.method(*args, **kwargs)
  File "/home/ubuntu/TFM_MDE/odoo/odoo/addons/base/models/ir_qweb.py", line 297, in _get_asset_nodes
    return remains + asset.to_node(css=css, js=js, debug=debug, async_load=async_load, defer_load=defer_load, lazy_load=lazy_load)
  File "/home/ubuntu/TFM_MDE/odoo/odoo/addons/base/models/assetsbundle.py", line 153, in to_node
    css_attachments = self.css() or []
  File "/home/ubuntu/TFM_MDE/odoo/odoo/addons/base/models/assetsbundle.py", line 336, in css
    css = self.preprocess_css()
  File "/home/ubuntu/TFM_MDE/odoo/odoo/addons/base/models/assetsbundle.py", line 467, in preprocess_css
    compiled += self.compile_css(assets[0].compile, source)
  File "/home/ubuntu/TFM_MDE/odoo/odoo/addons/base/models/assetsbundle.py", line 533, in compile_css
    compiled = compiler(source)
  File "/home/ubuntu/TFM_MDE/odoo/odoo/addons/base/models/assetsbundle.py", line 885, in compile
    return libsass.compile(
  File "/home/ubuntu/VirtualEnvrnmnt/Odoo/lib/python3.8/site-packages/sass.py", line 613, in compile
    include_paths = os.pathsep.join(include_paths)
TypeError: sequence item 1: expected str instance, bool found

Error to render compiling AST
TypeError: sequence item 1: expected str instance, bool found
Template: web.frontend_layout
Path: /t/html/head/t[1]
Node: <t t-call-assets="web.assets_common" t-js="false"/> - - -
2021-08-08 15:00:40,204 1043 INFO firm01 werkzeug: 88.7.219.254 - - [08/Aug/2021 15:00:40] "GET /web/login HTTP/1.1" 500 - 58 0.072 0.039
2021-08-08 15:00:40,210 1043 ERROR firm01 werkzeug: Error on request:
Traceback (most recent call last):
  File "/home/ubuntu/TFM_MDE/odoo/odoo/addons/base/models/ir_http.py", line 237, in _dispatch
    result = request.dispatch()
  File "/home/ubuntu/TFM_MDE/odoo/odoo/http.py", line 806, in dispatch
    r = self._call_function(**self.params)
  File "/home/ubuntu/TFM_MDE/odoo/odoo/http.py", line 359, in _call_function
    return checked_call(self.db, *args, **kwargs)
  File "/home/ubuntu/TFM_MDE/odoo/odoo/service/model.py", line 94, in wrapper
    return f(dbname, *args, **kwargs)
  File "/home/ubuntu/TFM_MDE/odoo/odoo/http.py", line 350, in checked_call
    result.flatten()
  File "/home/ubuntu/TFM_MDE/odoo/odoo/http.py", line 1242, in flatten
    self.response.append(self.render())
  File "/home/ubuntu/TFM_MDE/odoo/odoo/http.py", line 1235, in render
    return env["ir.ui.view"]._render_template(self.template, self.qcontext)
  File "/home/ubuntu/TFM_MDE/odoo/odoo/addons/base/models/ir_ui_view.py", line 1709, in _render_template
    return self.browse(self.get_view_id(template))._render(values, engine)
  File "/home/ubuntu/TFM_MDE/odoo/addons/web_editor/models/ir_ui_view.py", line 28, in _render
    return super(IrUiView, self)._render(values=values, engine=engine, minimal_qcontext=minimal_qcontext)
  File "/home/ubuntu/TFM_MDE/odoo/odoo/addons/base/models/ir_ui_view.py", line 1717, in _render
    return self.env[engine]._render(self.id, qcontext)
  File "/home/ubuntu/TFM_MDE/odoo/odoo/addons/base/models/ir_qweb.py", line 55, in _render
    result = super(IrQWeb, self)._render(id_or_xml_id, values=values, **context)
  File "/home/ubuntu/TFM_MDE/odoo/odoo/addons/base/models/qweb.py", line 258, in _render
    self.compile(template, options)(self, body.append, values or {})
  File "/home/ubuntu/TFM_MDE/odoo/odoo/addons/base/models/qweb.py", line 333, in _compiled_fn
    raise e
  File "/home/ubuntu/TFM_MDE/odoo/odoo/addons/base/models/qweb.py", line 331, in _compiled_fn
    return compiled(self, append, new, options, log)
  File "<template>", line 1, in template_web_login_6
    
  File "/home/ubuntu/TFM_MDE/odoo/odoo/addons/base/models/qweb.py", line 333, in _compiled_fn
    raise e
  File "/home/ubuntu/TFM_MDE/odoo/odoo/addons/base/models/qweb.py", line 331, in _compiled_fn
    return compiled(self, append, new, options, log)
  File "<template>", line 1, in template_web_login_layout_12
    
  File "/home/ubuntu/TFM_MDE/odoo/odoo/addons/base/models/qweb.py", line 338, in _compiled_fn
    raise QWebException("Error to render compiling AST", e, path, node and etree.tostring(node[0], encoding='unicode'), name)
Exception

The above exception was the direct cause of the following exception:

Traceback (most recent call last):
  File "/home/ubuntu/VirtualEnvrnmnt/Odoo/lib/python3.8/site-packages/werkzeug/serving.py", line 306, in run_wsgi
    execute(self.server.app)
  File "/home/ubuntu/VirtualEnvrnmnt/Odoo/lib/python3.8/site-packages/werkzeug/serving.py", line 294, in execute
    application_iter = app(environ, start_response)
  File "/home/ubuntu/TFM_MDE/odoo/odoo/service/server.py", line 441, in app
    return self.app(e, s)
  File "/home/ubuntu/TFM_MDE/odoo/odoo/service/wsgi_server.py", line 124, in application
    return application_unproxied(environ, start_response)
  File "/home/ubuntu/TFM_MDE/odoo/odoo/service/wsgi_server.py", line 99, in application_unproxied
    result = odoo.http.root(environ, start_response)
  File "/home/ubuntu/TFM_MDE/odoo/odoo/http.py", line 1295, in __call__
    return self.dispatch(environ, start_response)
  File "/home/ubuntu/TFM_MDE/odoo/odoo/http.py", line 1263, in __call__
    return self.app(environ, start_wrapped)
  File "/home/ubuntu/VirtualEnvrnmnt/Odoo/lib/python3.8/site-packages/werkzeug/middleware/shared_data.py", line 220, in __call__
    return self.app(environ, start_response)
  File "/home/ubuntu/TFM_MDE/odoo/odoo/http.py", line 1468, in dispatch
    result = ir_http._dispatch()
  File "/home/ubuntu/TFM_MDE/odoo/addons/web_editor/models/ir_http.py", line 21, in _dispatch
    return super(IrHttp, cls)._dispatch()
  File "/home/ubuntu/TFM_MDE/odoo/odoo/addons/base/models/ir_http.py", line 241, in _dispatch
    return cls._handle_exception(e)
  File "/home/ubuntu/TFM_MDE/odoo/odoo/addons/base/models/ir_http.py", line 209, in _handle_exception
    return request._handle_exception(exception)
  File "/home/ubuntu/TFM_MDE/odoo/odoo/http.py", line 744, in _handle_exception
    return super(HttpRequest, self)._handle_exception(exception)
  File "/home/ubuntu/TFM_MDE/odoo/odoo/http.py", line 315, in _handle_exception
    raise exception.with_traceback(None) from new_cause
odoo.addons.base.models.qweb.QWebException: sequence item 1: expected str instance, bool found
Traceback (most recent call last):
  File "/home/ubuntu/TFM_MDE/odoo/odoo/tools/cache.py", line 85, in lookup
    r = d[key]
  File "/home/ubuntu/TFM_MDE/odoo/odoo/tools/func.py", line 71, in wrapper
    return func(self, *args, **kwargs)
  File "/home/ubuntu/TFM_MDE/odoo/odoo/tools/lru.py", line 34, in __getitem__
    a = self.d[obj]
KeyError: ('ir.qweb', <function IrQWeb._get_asset_nodes at 0x7fbf88de0940>, 'web.assets_common', 'es_ES', True, False, '', False, False, False, (None,))

During handling of the above exception, another exception occurred:

Traceback (most recent call last):
  File "/home/ubuntu/TFM_MDE/odoo/odoo/addons/base/models/qweb.py", line 331, in _compiled_fn
    return compiled(self, append, new, options, log)
  File "<template>", line 1, in template_web_frontend_layout_30
  File "<decorator-gen-66>", line 2, in _get_asset_nodes
  File "/home/ubuntu/TFM_MDE/odoo/odoo/tools/cache.py", line 90, in lookup
    value = d[key] = self.method(*args, **kwargs)
  File "/home/ubuntu/TFM_MDE/odoo/odoo/addons/base/models/ir_qweb.py", line 297, in _get_asset_nodes
    return remains + asset.to_node(css=css, js=js, debug=debug, async_load=async_load, defer_load=defer_load, lazy_load=lazy_load)
  File "/home/ubuntu/TFM_MDE/odoo/odoo/addons/base/models/assetsbundle.py", line 153, in to_node
    css_attachments = self.css() or []
  File "/home/ubuntu/TFM_MDE/odoo/odoo/addons/base/models/assetsbundle.py", line 336, in css
    css = self.preprocess_css()
  File "/home/ubuntu/TFM_MDE/odoo/odoo/addons/base/models/assetsbundle.py", line 467, in preprocess_css
    compiled += self.compile_css(assets[0].compile, source)
  File "/home/ubuntu/TFM_MDE/odoo/odoo/addons/base/models/assetsbundle.py", line 533, in compile_css
    compiled = compiler(source)
  File "/home/ubuntu/TFM_MDE/odoo/odoo/addons/base/models/assetsbundle.py", line 885, in compile
    return libsass.compile(
  File "/home/ubuntu/VirtualEnvrnmnt/Odoo/lib/python3.8/site-packages/sass.py", line 613, in compile
    include_paths = os.pathsep.join(include_paths)
TypeError: sequence item 1: expected str instance, bool found

Error to render compiling AST
TypeError: sequence item 1: expected str instance, bool found
Template: web.frontend_layout
Path: /t/html/head/t[1]
Node: <t t-call-assets="web.assets_common" t-js="false"/> - - -
2021-08-08 15:00:40,882 1043 INFO firm01 werkzeug: 88.7.219.254 - - [08/Aug/2021 15:00:40] "GET /web/login HTTP/1.1" 500 - 58 0.072 0.035
2021-08-08 15:00:40,889 1043 ERROR firm01 werkzeug: Error on request:
Traceback (most recent call last):
  File "/home/ubuntu/TFM_MDE/odoo/odoo/addons/base/models/ir_http.py", line 237, in _dispatch
    result = request.dispatch()
  File "/home/ubuntu/TFM_MDE/odoo/odoo/http.py", line 806, in dispatch
    r = self._call_function(**self.params)
  File "/home/ubuntu/TFM_MDE/odoo/odoo/http.py", line 359, in _call_function
    return checked_call(self.db, *args, **kwargs)
  File "/home/ubuntu/TFM_MDE/odoo/odoo/service/model.py", line 94, in wrapper
    return f(dbname, *args, **kwargs)
  File "/home/ubuntu/TFM_MDE/odoo/odoo/http.py", line 350, in checked_call
    result.flatten()
  File "/home/ubuntu/TFM_MDE/odoo/odoo/http.py", line 1242, in flatten
    self.response.append(self.render())
  File "/home/ubuntu/TFM_MDE/odoo/odoo/http.py", line 1235, in render
    return env["ir.ui.view"]._render_template(self.template, self.qcontext)
  File "/home/ubuntu/TFM_MDE/odoo/odoo/addons/base/models/ir_ui_view.py", line 1709, in _render_template
    return self.browse(self.get_view_id(template))._render(values, engine)
  File "/home/ubuntu/TFM_MDE/odoo/addons/web_editor/models/ir_ui_view.py", line 28, in _render
    return super(IrUiView, self)._render(values=values, engine=engine, minimal_qcontext=minimal_qcontext)
  File "/home/ubuntu/TFM_MDE/odoo/odoo/addons/base/models/ir_ui_view.py", line 1717, in _render
    return self.env[engine]._render(self.id, qcontext)
  File "/home/ubuntu/TFM_MDE/odoo/odoo/addons/base/models/ir_qweb.py", line 55, in _render
    result = super(IrQWeb, self)._render(id_or_xml_id, values=values, **context)
  File "/home/ubuntu/TFM_MDE/odoo/odoo/addons/base/models/qweb.py", line 258, in _render
    self.compile(template, options)(self, body.append, values or {})
  File "/home/ubuntu/TFM_MDE/odoo/odoo/addons/base/models/qweb.py", line 333, in _compiled_fn
    raise e
  File "/home/ubuntu/TFM_MDE/odoo/odoo/addons/base/models/qweb.py", line 331, in _compiled_fn
    return compiled(self, append, new, options, log)
  File "<template>", line 1, in template_web_login_6
    
  File "/home/ubuntu/TFM_MDE/odoo/odoo/addons/base/models/qweb.py", line 333, in _compiled_fn
    raise e
  File "/home/ubuntu/TFM_MDE/odoo/odoo/addons/base/models/qweb.py", line 331, in _compiled_fn
    return compiled(self, append, new, options, log)
  File "<template>", line 1, in template_web_login_layout_12
    
  File "/home/ubuntu/TFM_MDE/odoo/odoo/addons/base/models/qweb.py", line 338, in _compiled_fn
    raise QWebException("Error to render compiling AST", e, path, node and etree.tostring(node[0], encoding='unicode'), name)
Exception

The above exception was the direct cause of the following exception:

Traceback (most recent call last):
  File "/home/ubuntu/VirtualEnvrnmnt/Odoo/lib/python3.8/site-packages/werkzeug/serving.py", line 306, in run_wsgi
    execute(self.server.app)
  File "/home/ubuntu/VirtualEnvrnmnt/Odoo/lib/python3.8/site-packages/werkzeug/serving.py", line 294, in execute
    application_iter = app(environ, start_response)
  File "/home/ubuntu/TFM_MDE/odoo/odoo/service/server.py", line 441, in app
    return self.app(e, s)
  File "/home/ubuntu/TFM_MDE/odoo/odoo/service/wsgi_server.py", line 124, in application
    return application_unproxied(environ, start_response)
  File "/home/ubuntu/TFM_MDE/odoo/odoo/service/wsgi_server.py", line 99, in application_unproxied
    result = odoo.http.root(environ, start_response)
  File "/home/ubuntu/TFM_MDE/odoo/odoo/http.py", line 1295, in __call__
    return self.dispatch(environ, start_response)
  File "/home/ubuntu/TFM_MDE/odoo/odoo/http.py", line 1263, in __call__
    return self.app(environ, start_wrapped)
  File "/home/ubuntu/VirtualEnvrnmnt/Odoo/lib/python3.8/site-packages/werkzeug/middleware/shared_data.py", line 220, in __call__
    return self.app(environ, start_response)
  File "/home/ubuntu/TFM_MDE/odoo/odoo/http.py", line 1468, in dispatch
    result = ir_http._dispatch()
  File "/home/ubuntu/TFM_MDE/odoo/addons/web_editor/models/ir_http.py", line 21, in _dispatch
    return super(IrHttp, cls)._dispatch()
  File "/home/ubuntu/TFM_MDE/odoo/odoo/addons/base/models/ir_http.py", line 241, in _dispatch
    return cls._handle_exception(e)
  File "/home/ubuntu/TFM_MDE/odoo/odoo/addons/base/models/ir_http.py", line 209, in _handle_exception
    return request._handle_exception(exception)
  File "/home/ubuntu/TFM_MDE/odoo/odoo/http.py", line 744, in _handle_exception
    return super(HttpRequest, self)._handle_exception(exception)
  File "/home/ubuntu/TFM_MDE/odoo/odoo/http.py", line 315, in _handle_exception
    raise exception.with_traceback(None) from new_cause
odoo.addons.base.models.qweb.QWebException: sequence item 1: expected str instance, bool found
Traceback (most recent call last):
  File "/home/ubuntu/TFM_MDE/odoo/odoo/tools/cache.py", line 85, in lookup
    r = d[key]
  File "/home/ubuntu/TFM_MDE/odoo/odoo/tools/func.py", line 71, in wrapper
    return func(self, *args, **kwargs)
  File "/home/ubuntu/TFM_MDE/odoo/odoo/tools/lru.py", line 34, in __getitem__
    a = self.d[obj]
KeyError: ('ir.qweb', <function IrQWeb._get_asset_nodes at 0x7fbf88de0940>, 'web.assets_common', 'es_ES', True, False, '', False, False, False, (None,))

During handling of the above exception, another exception occurred:

Traceback (most recent call last):
  File "/home/ubuntu/TFM_MDE/odoo/odoo/addons/base/models/qweb.py", line 331, in _compiled_fn
    return compiled(self, append, new, options, log)
  File "<template>", line 1, in template_web_frontend_layout_30
  File "<decorator-gen-66>", line 2, in _get_asset_nodes
  File "/home/ubuntu/TFM_MDE/odoo/odoo/tools/cache.py", line 90, in lookup
    value = d[key] = self.method(*args, **kwargs)
  File "/home/ubuntu/TFM_MDE/odoo/odoo/addons/base/models/ir_qweb.py", line 297, in _get_asset_nodes
    return remains + asset.to_node(css=css, js=js, debug=debug, async_load=async_load, defer_load=defer_load, lazy_load=lazy_load)
  File "/home/ubuntu/TFM_MDE/odoo/odoo/addons/base/models/assetsbundle.py", line 153, in to_node
    css_attachments = self.css() or []
  File "/home/ubuntu/TFM_MDE/odoo/odoo/addons/base/models/assetsbundle.py", line 336, in css
    css = self.preprocess_css()
  File "/home/ubuntu/TFM_MDE/odoo/odoo/addons/base/models/assetsbundle.py", line 467, in preprocess_css
    compiled += self.compile_css(assets[0].compile, source)
  File "/home/ubuntu/TFM_MDE/odoo/odoo/addons/base/models/assetsbundle.py", line 533, in compile_css
    compiled = compiler(source)
  File "/home/ubuntu/TFM_MDE/odoo/odoo/addons/base/models/assetsbundle.py", line 885, in compile
    return libsass.compile(
  File "/home/ubuntu/VirtualEnvrnmnt/Odoo/lib/python3.8/site-packages/sass.py", line 613, in compile
    include_paths = os.pathsep.join(include_paths)
TypeError: sequence item 1: expected str instance, bool found

Error to render compiling AST
TypeError: sequence item 1: expected str instance, bool found
Template: web.frontend_layout
Path: /t/html/head/t[1]
Node: <t t-call-assets="web.assets_common" t-js="false"/> - - -
2021-08-08 15:00:41,703 1043 INFO firm01 werkzeug: 88.7.219.254 - - [08/Aug/2021 15:00:41] "GET /web/login HTTP/1.1" 500 - 58 0.075 0.034
2021-08-08 15:00:41,711 1043 ERROR firm01 werkzeug: Error on request:
Traceback (most recent call last):
  File "/home/ubuntu/TFM_MDE/odoo/odoo/addons/base/models/ir_http.py", line 237, in _dispatch
    result = request.dispatch()
  File "/home/ubuntu/TFM_MDE/odoo/odoo/http.py", line 806, in dispatch
    r = self._call_function(**self.params)
  File "/home/ubuntu/TFM_MDE/odoo/odoo/http.py", line 359, in _call_function
    return checked_call(self.db, *args, **kwargs)
  File "/home/ubuntu/TFM_MDE/odoo/odoo/service/model.py", line 94, in wrapper
    return f(dbname, *args, **kwargs)
  File "/home/ubuntu/TFM_MDE/odoo/odoo/http.py", line 350, in checked_call
    result.flatten()
  File "/home/ubuntu/TFM_MDE/odoo/odoo/http.py", line 1242, in flatten
    self.response.append(self.render())
  File "/home/ubuntu/TFM_MDE/odoo/odoo/http.py", line 1235, in render
    return env["ir.ui.view"]._render_template(self.template, self.qcontext)
  File "/home/ubuntu/TFM_MDE/odoo/odoo/addons/base/models/ir_ui_view.py", line 1709, in _render_template
    return self.browse(self.get_view_id(template))._render(values, engine)
  File "/home/ubuntu/TFM_MDE/odoo/addons/web_editor/models/ir_ui_view.py", line 28, in _render
    return super(IrUiView, self)._render(values=values, engine=engine, minimal_qcontext=minimal_qcontext)
  File "/home/ubuntu/TFM_MDE/odoo/odoo/addons/base/models/ir_ui_view.py", line 1717, in _render
    return self.env[engine]._render(self.id, qcontext)
  File "/home/ubuntu/TFM_MDE/odoo/odoo/addons/base/models/ir_qweb.py", line 55, in _render
    result = super(IrQWeb, self)._render(id_or_xml_id, values=values, **context)
  File "/home/ubuntu/TFM_MDE/odoo/odoo/addons/base/models/qweb.py", line 258, in _render
    self.compile(template, options)(self, body.append, values or {})
  File "/home/ubuntu/TFM_MDE/odoo/odoo/addons/base/models/qweb.py", line 333, in _compiled_fn
    raise e
  File "/home/ubuntu/TFM_MDE/odoo/odoo/addons/base/models/qweb.py", line 331, in _compiled_fn
    return compiled(self, append, new, options, log)
  File "<template>", line 1, in template_web_login_6
    
  File "/home/ubuntu/TFM_MDE/odoo/odoo/addons/base/models/qweb.py", line 333, in _compiled_fn
    raise e
  File "/home/ubuntu/TFM_MDE/odoo/odoo/addons/base/models/qweb.py", line 331, in _compiled_fn
    return compiled(self, append, new, options, log)
  File "<template>", line 1, in template_web_login_layout_12
    
  File "/home/ubuntu/TFM_MDE/odoo/odoo/addons/base/models/qweb.py", line 338, in _compiled_fn
    raise QWebException("Error to render compiling AST", e, path, node and etree.tostring(node[0], encoding='unicode'), name)
Exception

The above exception was the direct cause of the following exception:

Traceback (most recent call last):
  File "/home/ubuntu/VirtualEnvrnmnt/Odoo/lib/python3.8/site-packages/werkzeug/serving.py", line 306, in run_wsgi
    execute(self.server.app)
  File "/home/ubuntu/VirtualEnvrnmnt/Odoo/lib/python3.8/site-packages/werkzeug/serving.py", line 294, in execute
    application_iter = app(environ, start_response)
  File "/home/ubuntu/TFM_MDE/odoo/odoo/service/server.py", line 441, in app
    return self.app(e, s)
  File "/home/ubuntu/TFM_MDE/odoo/odoo/service/wsgi_server.py", line 124, in application
    return application_unproxied(environ, start_response)
  File "/home/ubuntu/TFM_MDE/odoo/odoo/service/wsgi_server.py", line 99, in application_unproxied
    result = odoo.http.root(environ, start_response)
  File "/home/ubuntu/TFM_MDE/odoo/odoo/http.py", line 1295, in __call__
    return self.dispatch(environ, start_response)
  File "/home/ubuntu/TFM_MDE/odoo/odoo/http.py", line 1263, in __call__
    return self.app(environ, start_wrapped)
  File "/home/ubuntu/VirtualEnvrnmnt/Odoo/lib/python3.8/site-packages/werkzeug/middleware/shared_data.py", line 220, in __call__
    return self.app(environ, start_response)
  File "/home/ubuntu/TFM_MDE/odoo/odoo/http.py", line 1468, in dispatch
    result = ir_http._dispatch()
  File "/home/ubuntu/TFM_MDE/odoo/addons/web_editor/models/ir_http.py", line 21, in _dispatch
    return super(IrHttp, cls)._dispatch()
  File "/home/ubuntu/TFM_MDE/odoo/odoo/addons/base/models/ir_http.py", line 241, in _dispatch
    return cls._handle_exception(e)
  File "/home/ubuntu/TFM_MDE/odoo/odoo/addons/base/models/ir_http.py", line 209, in _handle_exception
    return request._handle_exception(exception)
  File "/home/ubuntu/TFM_MDE/odoo/odoo/http.py", line 744, in _handle_exception
    return super(HttpRequest, self)._handle_exception(exception)
  File "/home/ubuntu/TFM_MDE/odoo/odoo/http.py", line 315, in _handle_exception
    raise exception.with_traceback(None) from new_cause
odoo.addons.base.models.qweb.QWebException: sequence item 1: expected str instance, bool found
Traceback (most recent call last):
  File "/home/ubuntu/TFM_MDE/odoo/odoo/tools/cache.py", line 85, in lookup
    r = d[key]
  File "/home/ubuntu/TFM_MDE/odoo/odoo/tools/func.py", line 71, in wrapper
    return func(self, *args, **kwargs)
  File "/home/ubuntu/TFM_MDE/odoo/odoo/tools/lru.py", line 34, in __getitem__
    a = self.d[obj]
KeyError: ('ir.qweb', <function IrQWeb._get_asset_nodes at 0x7fbf88de0940>, 'web.assets_common', 'es_ES', True, False, '', False, False, False, (None,))

During handling of the above exception, another exception occurred:

Traceback (most recent call last):
  File "/home/ubuntu/TFM_MDE/odoo/odoo/addons/base/models/qweb.py", line 331, in _compiled_fn
    return compiled(self, append, new, options, log)
  File "<template>", line 1, in template_web_frontend_layout_30
  File "<decorator-gen-66>", line 2, in _get_asset_nodes
  File "/home/ubuntu/TFM_MDE/odoo/odoo/tools/cache.py", line 90, in lookup
    value = d[key] = self.method(*args, **kwargs)
  File "/home/ubuntu/TFM_MDE/odoo/odoo/addons/base/models/ir_qweb.py", line 297, in _get_asset_nodes
    return remains + asset.to_node(css=css, js=js, debug=debug, async_load=async_load, defer_load=defer_load, lazy_load=lazy_load)
  File "/home/ubuntu/TFM_MDE/odoo/odoo/addons/base/models/assetsbundle.py", line 153, in to_node
    css_attachments = self.css() or []
  File "/home/ubuntu/TFM_MDE/odoo/odoo/addons/base/models/assetsbundle.py", line 336, in css
    css = self.preprocess_css()
  File "/home/ubuntu/TFM_MDE/odoo/odoo/addons/base/models/assetsbundle.py", line 467, in preprocess_css
    compiled += self.compile_css(assets[0].compile, source)
  File "/home/ubuntu/TFM_MDE/odoo/odoo/addons/base/models/assetsbundle.py", line 533, in compile_css
    compiled = compiler(source)
  File "/home/ubuntu/TFM_MDE/odoo/odoo/addons/base/models/assetsbundle.py", line 885, in compile
    return libsass.compile(
  File "/home/ubuntu/VirtualEnvrnmnt/Odoo/lib/python3.8/site-packages/sass.py", line 613, in compile
    include_paths = os.pathsep.join(include_paths)
TypeError: sequence item 1: expected str instance, bool found

Error to render compiling AST
TypeError: sequence item 1: expected str instance, bool found
Template: web.frontend_layout
Path: /t/html/head/t[1]
Node: <t t-call-assets="web.assets_common" t-js="false"/> - - -
2021-08-08 15:00:42,479 1043 INFO firm01 werkzeug: 88.7.219.254 - - [08/Aug/2021 15:00:42] "GET /web/login HTTP/1.1" 500 - 58 0.075 0.034
2021-08-08 15:00:42,487 1043 ERROR firm01 werkzeug: Error on request:
Traceback (most recent call last):
  File "/home/ubuntu/TFM_MDE/odoo/odoo/addons/base/models/ir_http.py", line 237, in _dispatch
    result = request.dispatch()
  File "/home/ubuntu/TFM_MDE/odoo/odoo/http.py", line 806, in dispatch
    r = self._call_function(**self.params)
  File "/home/ubuntu/TFM_MDE/odoo/odoo/http.py", line 359, in _call_function
    return checked_call(self.db, *args, **kwargs)
  File "/home/ubuntu/TFM_MDE/odoo/odoo/service/model.py", line 94, in wrapper
    return f(dbname, *args, **kwargs)
  File "/home/ubuntu/TFM_MDE/odoo/odoo/http.py", line 350, in checked_call
    result.flatten()
  File "/home/ubuntu/TFM_MDE/odoo/odoo/http.py", line 1242, in flatten
    self.response.append(self.render())
  File "/home/ubuntu/TFM_MDE/odoo/odoo/http.py", line 1235, in render
    return env["ir.ui.view"]._render_template(self.template, self.qcontext)
  File "/home/ubuntu/TFM_MDE/odoo/odoo/addons/base/models/ir_ui_view.py", line 1709, in _render_template
    return self.browse(self.get_view_id(template))._render(values, engine)
  File "/home/ubuntu/TFM_MDE/odoo/addons/web_editor/models/ir_ui_view.py", line 28, in _render
    return super(IrUiView, self)._render(values=values, engine=engine, minimal_qcontext=minimal_qcontext)
  File "/home/ubuntu/TFM_MDE/odoo/odoo/addons/base/models/ir_ui_view.py", line 1717, in _render
    return self.env[engine]._render(self.id, qcontext)
  File "/home/ubuntu/TFM_MDE/odoo/odoo/addons/base/models/ir_qweb.py", line 55, in _render
    result = super(IrQWeb, self)._render(id_or_xml_id, values=values, **context)
  File "/home/ubuntu/TFM_MDE/odoo/odoo/addons/base/models/qweb.py", line 258, in _render
    self.compile(template, options)(self, body.append, values or {})
  File "/home/ubuntu/TFM_MDE/odoo/odoo/addons/base/models/qweb.py", line 333, in _compiled_fn
    raise e
  File "/home/ubuntu/TFM_MDE/odoo/odoo/addons/base/models/qweb.py", line 331, in _compiled_fn
    return compiled(self, append, new, options, log)
  File "<template>", line 1, in template_web_login_6
    
  File "/home/ubuntu/TFM_MDE/odoo/odoo/addons/base/models/qweb.py", line 333, in _compiled_fn
    raise e
  File "/home/ubuntu/TFM_MDE/odoo/odoo/addons/base/models/qweb.py", line 331, in _compiled_fn
    return compiled(self, append, new, options, log)
  File "<template>", line 1, in template_web_login_layout_12
    
  File "/home/ubuntu/TFM_MDE/odoo/odoo/addons/base/models/qweb.py", line 338, in _compiled_fn
    raise QWebException("Error to render compiling AST", e, path, node and etree.tostring(node[0], encoding='unicode'), name)
Exception

The above exception was the direct cause of the following exception:

Traceback (most recent call last):
  File "/home/ubuntu/VirtualEnvrnmnt/Odoo/lib/python3.8/site-packages/werkzeug/serving.py", line 306, in run_wsgi
    execute(self.server.app)
  File "/home/ubuntu/VirtualEnvrnmnt/Odoo/lib/python3.8/site-packages/werkzeug/serving.py", line 294, in execute
    application_iter = app(environ, start_response)
  File "/home/ubuntu/TFM_MDE/odoo/odoo/service/server.py", line 441, in app
    return self.app(e, s)
  File "/home/ubuntu/TFM_MDE/odoo/odoo/service/wsgi_server.py", line 124, in application
    return application_unproxied(environ, start_response)
  File "/home/ubuntu/TFM_MDE/odoo/odoo/service/wsgi_server.py", line 99, in application_unproxied
    result = odoo.http.root(environ, start_response)
  File "/home/ubuntu/TFM_MDE/odoo/odoo/http.py", line 1295, in __call__
    return self.dispatch(environ, start_response)
  File "/home/ubuntu/TFM_MDE/odoo/odoo/http.py", line 1263, in __call__
    return self.app(environ, start_wrapped)
  File "/home/ubuntu/VirtualEnvrnmnt/Odoo/lib/python3.8/site-packages/werkzeug/middleware/shared_data.py", line 220, in __call__
    return self.app(environ, start_response)
  File "/home/ubuntu/TFM_MDE/odoo/odoo/http.py", line 1468, in dispatch
    result = ir_http._dispatch()
  File "/home/ubuntu/TFM_MDE/odoo/addons/web_editor/models/ir_http.py", line 21, in _dispatch
    return super(IrHttp, cls)._dispatch()
  File "/home/ubuntu/TFM_MDE/odoo/odoo/addons/base/models/ir_http.py", line 241, in _dispatch
    return cls._handle_exception(e)
  File "/home/ubuntu/TFM_MDE/odoo/odoo/addons/base/models/ir_http.py", line 209, in _handle_exception
    return request._handle_exception(exception)
  File "/home/ubuntu/TFM_MDE/odoo/odoo/http.py", line 744, in _handle_exception
    return super(HttpRequest, self)._handle_exception(exception)
  File "/home/ubuntu/TFM_MDE/odoo/odoo/http.py", line 315, in _handle_exception
    raise exception.with_traceback(None) from new_cause
odoo.addons.base.models.qweb.QWebException: sequence item 1: expected str instance, bool found
Traceback (most recent call last):
  File "/home/ubuntu/TFM_MDE/odoo/odoo/tools/cache.py", line 85, in lookup
    r = d[key]
  File "/home/ubuntu/TFM_MDE/odoo/odoo/tools/func.py", line 71, in wrapper
    return func(self, *args, **kwargs)
  File "/home/ubuntu/TFM_MDE/odoo/odoo/tools/lru.py", line 34, in __getitem__
    a = self.d[obj]
KeyError: ('ir.qweb', <function IrQWeb._get_asset_nodes at 0x7fbf88de0940>, 'web.assets_common', 'es_ES', True, False, '', False, False, False, (None,))

During handling of the above exception, another exception occurred:

Traceback (most recent call last):
  File "/home/ubuntu/TFM_MDE/odoo/odoo/addons/base/models/qweb.py", line 331, in _compiled_fn
    return compiled(self, append, new, options, log)
  File "<template>", line 1, in template_web_frontend_layout_30
  File "<decorator-gen-66>", line 2, in _get_asset_nodes
  File "/home/ubuntu/TFM_MDE/odoo/odoo/tools/cache.py", line 90, in lookup
    value = d[key] = self.method(*args, **kwargs)
  File "/home/ubuntu/TFM_MDE/odoo/odoo/addons/base/models/ir_qweb.py", line 297, in _get_asset_nodes
    return remains + asset.to_node(css=css, js=js, debug=debug, async_load=async_load, defer_load=defer_load, lazy_load=lazy_load)
  File "/home/ubuntu/TFM_MDE/odoo/odoo/addons/base/models/assetsbundle.py", line 153, in to_node
    css_attachments = self.css() or []
  File "/home/ubuntu/TFM_MDE/odoo/odoo/addons/base/models/assetsbundle.py", line 336, in css
    css = self.preprocess_css()
  File "/home/ubuntu/TFM_MDE/odoo/odoo/addons/base/models/assetsbundle.py", line 467, in preprocess_css
    compiled += self.compile_css(assets[0].compile, source)
  File "/home/ubuntu/TFM_MDE/odoo/odoo/addons/base/models/assetsbundle.py", line 533, in compile_css
    compiled = compiler(source)
  File "/home/ubuntu/TFM_MDE/odoo/odoo/addons/base/models/assetsbundle.py", line 885, in compile
    return libsass.compile(
  File "/home/ubuntu/VirtualEnvrnmnt/Odoo/lib/python3.8/site-packages/sass.py", line 613, in compile
    include_paths = os.pathsep.join(include_paths)
TypeError: sequence item 1: expected str instance, bool found

Error to render compiling AST
TypeError: sequence item 1: expected str instance, bool found
Template: web.frontend_layout
Path: /t/html/head/t[1]
Node: <t t-call-assets="web.assets_common" t-js="false"/> - - -
2021-08-08 15:00:48,302 1043 INFO firm01 werkzeug: 88.7.219.254 - - [08/Aug/2021 15:00:48] "GET /web/login HTTP/1.1" 500 - 58 0.076 0.035
2021-08-08 15:00:48,310 1043 ERROR firm01 werkzeug: Error on request:
Traceback (most recent call last):
  File "/home/ubuntu/TFM_MDE/odoo/odoo/addons/base/models/ir_http.py", line 237, in _dispatch
    result = request.dispatch()
  File "/home/ubuntu/TFM_MDE/odoo/odoo/http.py", line 806, in dispatch
    r = self._call_function(**self.params)
  File "/home/ubuntu/TFM_MDE/odoo/odoo/http.py", line 359, in _call_function
    return checked_call(self.db, *args, **kwargs)
  File "/home/ubuntu/TFM_MDE/odoo/odoo/service/model.py", line 94, in wrapper
    return f(dbname, *args, **kwargs)
  File "/home/ubuntu/TFM_MDE/odoo/odoo/http.py", line 350, in checked_call
    result.flatten()
  File "/home/ubuntu/TFM_MDE/odoo/odoo/http.py", line 1242, in flatten
    self.response.append(self.render())
  File "/home/ubuntu/TFM_MDE/odoo/odoo/http.py", line 1235, in render
    return env["ir.ui.view"]._render_template(self.template, self.qcontext)
  File "/home/ubuntu/TFM_MDE/odoo/odoo/addons/base/models/ir_ui_view.py", line 1709, in _render_template
    return self.browse(self.get_view_id(template))._render(values, engine)
  File "/home/ubuntu/TFM_MDE/odoo/addons/web_editor/models/ir_ui_view.py", line 28, in _render
    return super(IrUiView, self)._render(values=values, engine=engine, minimal_qcontext=minimal_qcontext)
  File "/home/ubuntu/TFM_MDE/odoo/odoo/addons/base/models/ir_ui_view.py", line 1717, in _render
    return self.env[engine]._render(self.id, qcontext)
  File "/home/ubuntu/TFM_MDE/odoo/odoo/addons/base/models/ir_qweb.py", line 55, in _render
    result = super(IrQWeb, self)._render(id_or_xml_id, values=values, **context)
  File "/home/ubuntu/TFM_MDE/odoo/odoo/addons/base/models/qweb.py", line 258, in _render
    self.compile(template, options)(self, body.append, values or {})
  File "/home/ubuntu/TFM_MDE/odoo/odoo/addons/base/models/qweb.py", line 333, in _compiled_fn
    raise e
  File "/home/ubuntu/TFM_MDE/odoo/odoo/addons/base/models/qweb.py", line 331, in _compiled_fn
    return compiled(self, append, new, options, log)
  File "<template>", line 1, in template_web_login_6
    
  File "/home/ubuntu/TFM_MDE/odoo/odoo/addons/base/models/qweb.py", line 333, in _compiled_fn
    raise e
  File "/home/ubuntu/TFM_MDE/odoo/odoo/addons/base/models/qweb.py", line 331, in _compiled_fn
    return compiled(self, append, new, options, log)
  File "<template>", line 1, in template_web_login_layout_12
    
  File "/home/ubuntu/TFM_MDE/odoo/odoo/addons/base/models/qweb.py", line 338, in _compiled_fn
    raise QWebException("Error to render compiling AST", e, path, node and etree.tostring(node[0], encoding='unicode'), name)
Exception

The above exception was the direct cause of the following exception:

Traceback (most recent call last):
  File "/home/ubuntu/VirtualEnvrnmnt/Odoo/lib/python3.8/site-packages/werkzeug/serving.py", line 306, in run_wsgi
    execute(self.server.app)
  File "/home/ubuntu/VirtualEnvrnmnt/Odoo/lib/python3.8/site-packages/werkzeug/serving.py", line 294, in execute
    application_iter = app(environ, start_response)
  File "/home/ubuntu/TFM_MDE/odoo/odoo/service/server.py", line 441, in app
    return self.app(e, s)
  File "/home/ubuntu/TFM_MDE/odoo/odoo/service/wsgi_server.py", line 124, in application
    return application_unproxied(environ, start_response)
  File "/home/ubuntu/TFM_MDE/odoo/odoo/service/wsgi_server.py", line 99, in application_unproxied
    result = odoo.http.root(environ, start_response)
  File "/home/ubuntu/TFM_MDE/odoo/odoo/http.py", line 1295, in __call__
    return self.dispatch(environ, start_response)
  File "/home/ubuntu/TFM_MDE/odoo/odoo/http.py", line 1263, in __call__
    return self.app(environ, start_wrapped)
  File "/home/ubuntu/VirtualEnvrnmnt/Odoo/lib/python3.8/site-packages/werkzeug/middleware/shared_data.py", line 220, in __call__
    return self.app(environ, start_response)
  File "/home/ubuntu/TFM_MDE/odoo/odoo/http.py", line 1468, in dispatch
    result = ir_http._dispatch()
  File "/home/ubuntu/TFM_MDE/odoo/addons/web_editor/models/ir_http.py", line 21, in _dispatch
    return super(IrHttp, cls)._dispatch()
  File "/home/ubuntu/TFM_MDE/odoo/odoo/addons/base/models/ir_http.py", line 241, in _dispatch
    return cls._handle_exception(e)
  File "/home/ubuntu/TFM_MDE/odoo/odoo/addons/base/models/ir_http.py", line 209, in _handle_exception
    return request._handle_exception(exception)
  File "/home/ubuntu/TFM_MDE/odoo/odoo/http.py", line 744, in _handle_exception
    return super(HttpRequest, self)._handle_exception(exception)
  File "/home/ubuntu/TFM_MDE/odoo/odoo/http.py", line 315, in _handle_exception
    raise exception.with_traceback(None) from new_cause
odoo.addons.base.models.qweb.QWebException: sequence item 1: expected str instance, bool found
Traceback (most recent call last):
  File "/home/ubuntu/TFM_MDE/odoo/odoo/tools/cache.py", line 85, in lookup
    r = d[key]
  File "/home/ubuntu/TFM_MDE/odoo/odoo/tools/func.py", line 71, in wrapper
    return func(self, *args, **kwargs)
  File "/home/ubuntu/TFM_MDE/odoo/odoo/tools/lru.py", line 34, in __getitem__
    a = self.d[obj]
KeyError: ('ir.qweb', <function IrQWeb._get_asset_nodes at 0x7fbf88de0940>, 'web.assets_common', 'es_ES', True, False, '', False, False, False, (None,))

During handling of the above exception, another exception occurred:

Traceback (most recent call last):
  File "/home/ubuntu/TFM_MDE/odoo/odoo/addons/base/models/qweb.py", line 331, in _compiled_fn
    return compiled(self, append, new, options, log)
  File "<template>", line 1, in template_web_frontend_layout_30
  File "<decorator-gen-66>", line 2, in _get_asset_nodes
  File "/home/ubuntu/TFM_MDE/odoo/odoo/tools/cache.py", line 90, in lookup
    value = d[key] = self.method(*args, **kwargs)
  File "/home/ubuntu/TFM_MDE/odoo/odoo/addons/base/models/ir_qweb.py", line 297, in _get_asset_nodes
    return remains + asset.to_node(css=css, js=js, debug=debug, async_load=async_load, defer_load=defer_load, lazy_load=lazy_load)
  File "/home/ubuntu/TFM_MDE/odoo/odoo/addons/base/models/assetsbundle.py", line 153, in to_node
    css_attachments = self.css() or []
  File "/home/ubuntu/TFM_MDE/odoo/odoo/addons/base/models/assetsbundle.py", line 336, in css
    css = self.preprocess_css()
  File "/home/ubuntu/TFM_MDE/odoo/odoo/addons/base/models/assetsbundle.py", line 467, in preprocess_css
    compiled += self.compile_css(assets[0].compile, source)
  File "/home/ubuntu/TFM_MDE/odoo/odoo/addons/base/models/assetsbundle.py", line 533, in compile_css
    compiled = compiler(source)
  File "/home/ubuntu/TFM_MDE/odoo/odoo/addons/base/models/assetsbundle.py", line 885, in compile
    return libsass.compile(
  File "/home/ubuntu/VirtualEnvrnmnt/Odoo/lib/python3.8/site-packages/sass.py", line 613, in compile
    include_paths = os.pathsep.join(include_paths)
TypeError: sequence item 1: expected str instance, bool found

Error to render compiling AST
TypeError: sequence item 1: expected str instance, bool found
Template: web.frontend_layout
Path: /t/html/head/t[1]
Node: <t t-call-assets="web.assets_common" t-js="false"/> - - -
2021-08-08 15:00:49,031 1043 INFO firm01 werkzeug: 88.7.219.254 - - [08/Aug/2021 15:00:49] "GET /web/login HTTP/1.1" 500 - 58 0.073 0.035
2021-08-08 15:00:49,039 1043 ERROR firm01 werkzeug: Error on request:
Traceback (most recent call last):
  File "/home/ubuntu/TFM_MDE/odoo/odoo/addons/base/models/ir_http.py", line 237, in _dispatch
    result = request.dispatch()
  File "/home/ubuntu/TFM_MDE/odoo/odoo/http.py", line 806, in dispatch
    r = self._call_function(**self.params)
  File "/home/ubuntu/TFM_MDE/odoo/odoo/http.py", line 359, in _call_function
    return checked_call(self.db, *args, **kwargs)
  File "/home/ubuntu/TFM_MDE/odoo/odoo/service/model.py", line 94, in wrapper
    return f(dbname, *args, **kwargs)
  File "/home/ubuntu/TFM_MDE/odoo/odoo/http.py", line 350, in checked_call
    result.flatten()
  File "/home/ubuntu/TFM_MDE/odoo/odoo/http.py", line 1242, in flatten
    self.response.append(self.render())
  File "/home/ubuntu/TFM_MDE/odoo/odoo/http.py", line 1235, in render
    return env["ir.ui.view"]._render_template(self.template, self.qcontext)
  File "/home/ubuntu/TFM_MDE/odoo/odoo/addons/base/models/ir_ui_view.py", line 1709, in _render_template
    return self.browse(self.get_view_id(template))._render(values, engine)
  File "/home/ubuntu/TFM_MDE/odoo/addons/web_editor/models/ir_ui_view.py", line 28, in _render
    return super(IrUiView, self)._render(values=values, engine=engine, minimal_qcontext=minimal_qcontext)
  File "/home/ubuntu/TFM_MDE/odoo/odoo/addons/base/models/ir_ui_view.py", line 1717, in _render
    return self.env[engine]._render(self.id, qcontext)
  File "/home/ubuntu/TFM_MDE/odoo/odoo/addons/base/models/ir_qweb.py", line 55, in _render
    result = super(IrQWeb, self)._render(id_or_xml_id, values=values, **context)
  File "/home/ubuntu/TFM_MDE/odoo/odoo/addons/base/models/qweb.py", line 258, in _render
    self.compile(template, options)(self, body.append, values or {})
  File "/home/ubuntu/TFM_MDE/odoo/odoo/addons/base/models/qweb.py", line 333, in _compiled_fn
    raise e
  File "/home/ubuntu/TFM_MDE/odoo/odoo/addons/base/models/qweb.py", line 331, in _compiled_fn
    return compiled(self, append, new, options, log)
  File "<template>", line 1, in template_web_login_6
    
  File "/home/ubuntu/TFM_MDE/odoo/odoo/addons/base/models/qweb.py", line 333, in _compiled_fn
    raise e
  File "/home/ubuntu/TFM_MDE/odoo/odoo/addons/base/models/qweb.py", line 331, in _compiled_fn
    return compiled(self, append, new, options, log)
  File "<template>", line 1, in template_web_login_layout_12
    
  File "/home/ubuntu/TFM_MDE/odoo/odoo/addons/base/models/qweb.py", line 338, in _compiled_fn
    raise QWebException("Error to render compiling AST", e, path, node and etree.tostring(node[0], encoding='unicode'), name)
Exception

The above exception was the direct cause of the following exception:

Traceback (most recent call last):
  File "/home/ubuntu/VirtualEnvrnmnt/Odoo/lib/python3.8/site-packages/werkzeug/serving.py", line 306, in run_wsgi
    execute(self.server.app)
  File "/home/ubuntu/VirtualEnvrnmnt/Odoo/lib/python3.8/site-packages/werkzeug/serving.py", line 294, in execute
    application_iter = app(environ, start_response)
  File "/home/ubuntu/TFM_MDE/odoo/odoo/service/server.py", line 441, in app
    return self.app(e, s)
  File "/home/ubuntu/TFM_MDE/odoo/odoo/service/wsgi_server.py", line 124, in application
    return application_unproxied(environ, start_response)
  File "/home/ubuntu/TFM_MDE/odoo/odoo/service/wsgi_server.py", line 99, in application_unproxied
    result = odoo.http.root(environ, start_response)
  File "/home/ubuntu/TFM_MDE/odoo/odoo/http.py", line 1295, in __call__
    return self.dispatch(environ, start_response)
  File "/home/ubuntu/TFM_MDE/odoo/odoo/http.py", line 1263, in __call__
    return self.app(environ, start_wrapped)
  File "/home/ubuntu/VirtualEnvrnmnt/Odoo/lib/python3.8/site-packages/werkzeug/middleware/shared_data.py", line 220, in __call__
    return self.app(environ, start_response)
  File "/home/ubuntu/TFM_MDE/odoo/odoo/http.py", line 1468, in dispatch
    result = ir_http._dispatch()
  File "/home/ubuntu/TFM_MDE/odoo/addons/web_editor/models/ir_http.py", line 21, in _dispatch
    return super(IrHttp, cls)._dispatch()
  File "/home/ubuntu/TFM_MDE/odoo/odoo/addons/base/models/ir_http.py", line 241, in _dispatch
    return cls._handle_exception(e)
  File "/home/ubuntu/TFM_MDE/odoo/odoo/addons/base/models/ir_http.py", line 209, in _handle_exception
    return request._handle_exception(exception)
  File "/home/ubuntu/TFM_MDE/odoo/odoo/http.py", line 744, in _handle_exception
    return super(HttpRequest, self)._handle_exception(exception)
  File "/home/ubuntu/TFM_MDE/odoo/odoo/http.py", line 315, in _handle_exception
    raise exception.with_traceback(None) from new_cause
odoo.addons.base.models.qweb.QWebException: sequence item 1: expected str instance, bool found
Traceback (most recent call last):
  File "/home/ubuntu/TFM_MDE/odoo/odoo/tools/cache.py", line 85, in lookup
    r = d[key]
  File "/home/ubuntu/TFM_MDE/odoo/odoo/tools/func.py", line 71, in wrapper
    return func(self, *args, **kwargs)
  File "/home/ubuntu/TFM_MDE/odoo/odoo/tools/lru.py", line 34, in __getitem__
    a = self.d[obj]
KeyError: ('ir.qweb', <function IrQWeb._get_asset_nodes at 0x7fbf88de0940>, 'web.assets_common', 'es_ES', True, False, '', False, False, False, (None,))

During handling of the above exception, another exception occurred:

Traceback (most recent call last):
  File "/home/ubuntu/TFM_MDE/odoo/odoo/addons/base/models/qweb.py", line 331, in _compiled_fn
    return compiled(self, append, new, options, log)
  File "<template>", line 1, in template_web_frontend_layout_30
  File "<decorator-gen-66>", line 2, in _get_asset_nodes
  File "/home/ubuntu/TFM_MDE/odoo/odoo/tools/cache.py", line 90, in lookup
    value = d[key] = self.method(*args, **kwargs)
  File "/home/ubuntu/TFM_MDE/odoo/odoo/addons/base/models/ir_qweb.py", line 297, in _get_asset_nodes
    return remains + asset.to_node(css=css, js=js, debug=debug, async_load=async_load, defer_load=defer_load, lazy_load=lazy_load)
  File "/home/ubuntu/TFM_MDE/odoo/odoo/addons/base/models/assetsbundle.py", line 153, in to_node
    css_attachments = self.css() or []
  File "/home/ubuntu/TFM_MDE/odoo/odoo/addons/base/models/assetsbundle.py", line 336, in css
    css = self.preprocess_css()
  File "/home/ubuntu/TFM_MDE/odoo/odoo/addons/base/models/assetsbundle.py", line 467, in preprocess_css
    compiled += self.compile_css(assets[0].compile, source)
  File "/home/ubuntu/TFM_MDE/odoo/odoo/addons/base/models/assetsbundle.py", line 533, in compile_css
    compiled = compiler(source)
  File "/home/ubuntu/TFM_MDE/odoo/odoo/addons/base/models/assetsbundle.py", line 885, in compile
    return libsass.compile(
  File "/home/ubuntu/VirtualEnvrnmnt/Odoo/lib/python3.8/site-packages/sass.py", line 613, in compile
    include_paths = os.pathsep.join(include_paths)
TypeError: sequence item 1: expected str instance, bool found

Error to render compiling AST
TypeError: sequence item 1: expected str instance, bool found
Template: web.frontend_layout
Path: /t/html/head/t[1]
Node: <t t-call-assets="web.assets_common" t-js="false"/> - - -
2021-08-08 15:00:49,614 1043 INFO firm01 werkzeug: 88.7.219.254 - - [08/Aug/2021 15:00:49] "GET /web/login HTTP/1.1" 500 - 58 0.072 0.035
2021-08-08 15:00:49,623 1043 ERROR firm01 werkzeug: Error on request:
Traceback (most recent call last):
  File "/home/ubuntu/TFM_MDE/odoo/odoo/addons/base/models/ir_http.py", line 237, in _dispatch
    result = request.dispatch()
  File "/home/ubuntu/TFM_MDE/odoo/odoo/http.py", line 806, in dispatch
    r = self._call_function(**self.params)
  File "/home/ubuntu/TFM_MDE/odoo/odoo/http.py", line 359, in _call_function
    return checked_call(self.db, *args, **kwargs)
  File "/home/ubuntu/TFM_MDE/odoo/odoo/service/model.py", line 94, in wrapper
    return f(dbname, *args, **kwargs)
  File "/home/ubuntu/TFM_MDE/odoo/odoo/http.py", line 350, in checked_call
    result.flatten()
  File "/home/ubuntu/TFM_MDE/odoo/odoo/http.py", line 1242, in flatten
    self.response.append(self.render())
  File "/home/ubuntu/TFM_MDE/odoo/odoo/http.py", line 1235, in render
    return env["ir.ui.view"]._render_template(self.template, self.qcontext)
  File "/home/ubuntu/TFM_MDE/odoo/odoo/addons/base/models/ir_ui_view.py", line 1709, in _render_template
    return self.browse(self.get_view_id(template))._render(values, engine)
  File "/home/ubuntu/TFM_MDE/odoo/addons/web_editor/models/ir_ui_view.py", line 28, in _render
    return super(IrUiView, self)._render(values=values, engine=engine, minimal_qcontext=minimal_qcontext)
  File "/home/ubuntu/TFM_MDE/odoo/odoo/addons/base/models/ir_ui_view.py", line 1717, in _render
    return self.env[engine]._render(self.id, qcontext)
  File "/home/ubuntu/TFM_MDE/odoo/odoo/addons/base/models/ir_qweb.py", line 55, in _render
    result = super(IrQWeb, self)._render(id_or_xml_id, values=values, **context)
  File "/home/ubuntu/TFM_MDE/odoo/odoo/addons/base/models/qweb.py", line 258, in _render
    self.compile(template, options)(self, body.append, values or {})
  File "/home/ubuntu/TFM_MDE/odoo/odoo/addons/base/models/qweb.py", line 333, in _compiled_fn
    raise e
  File "/home/ubuntu/TFM_MDE/odoo/odoo/addons/base/models/qweb.py", line 331, in _compiled_fn
    return compiled(self, append, new, options, log)
  File "<template>", line 1, in template_web_login_6
    
  File "/home/ubuntu/TFM_MDE/odoo/odoo/addons/base/models/qweb.py", line 333, in _compiled_fn
    raise e
  File "/home/ubuntu/TFM_MDE/odoo/odoo/addons/base/models/qweb.py", line 331, in _compiled_fn
    return compiled(self, append, new, options, log)
  File "<template>", line 1, in template_web_login_layout_12
    
  File "/home/ubuntu/TFM_MDE/odoo/odoo/addons/base/models/qweb.py", line 338, in _compiled_fn
    raise QWebException("Error to render compiling AST", e, path, node and etree.tostring(node[0], encoding='unicode'), name)
Exception

The above exception was the direct cause of the following exception:

Traceback (most recent call last):
  File "/home/ubuntu/VirtualEnvrnmnt/Odoo/lib/python3.8/site-packages/werkzeug/serving.py", line 306, in run_wsgi
    execute(self.server.app)
  File "/home/ubuntu/VirtualEnvrnmnt/Odoo/lib/python3.8/site-packages/werkzeug/serving.py", line 294, in execute
    application_iter = app(environ, start_response)
  File "/home/ubuntu/TFM_MDE/odoo/odoo/service/server.py", line 441, in app
    return self.app(e, s)
  File "/home/ubuntu/TFM_MDE/odoo/odoo/service/wsgi_server.py", line 124, in application
    return application_unproxied(environ, start_response)
  File "/home/ubuntu/TFM_MDE/odoo/odoo/service/wsgi_server.py", line 99, in application_unproxied
    result = odoo.http.root(environ, start_response)
  File "/home/ubuntu/TFM_MDE/odoo/odoo/http.py", line 1295, in __call__
    return self.dispatch(environ, start_response)
  File "/home/ubuntu/TFM_MDE/odoo/odoo/http.py", line 1263, in __call__
    return self.app(environ, start_wrapped)
  File "/home/ubuntu/VirtualEnvrnmnt/Odoo/lib/python3.8/site-packages/werkzeug/middleware/shared_data.py", line 220, in __call__
    return self.app(environ, start_response)
  File "/home/ubuntu/TFM_MDE/odoo/odoo/http.py", line 1468, in dispatch
    result = ir_http._dispatch()
  File "/home/ubuntu/TFM_MDE/odoo/addons/web_editor/models/ir_http.py", line 21, in _dispatch
    return super(IrHttp, cls)._dispatch()
  File "/home/ubuntu/TFM_MDE/odoo/odoo/addons/base/models/ir_http.py", line 241, in _dispatch
    return cls._handle_exception(e)
  File "/home/ubuntu/TFM_MDE/odoo/odoo/addons/base/models/ir_http.py", line 209, in _handle_exception
    return request._handle_exception(exception)
  File "/home/ubuntu/TFM_MDE/odoo/odoo/http.py", line 744, in _handle_exception
    return super(HttpRequest, self)._handle_exception(exception)
  File "/home/ubuntu/TFM_MDE/odoo/odoo/http.py", line 315, in _handle_exception
    raise exception.with_traceback(None) from new_cause
odoo.addons.base.models.qweb.QWebException: sequence item 1: expected str instance, bool found
Traceback (most recent call last):
  File "/home/ubuntu/TFM_MDE/odoo/odoo/tools/cache.py", line 85, in lookup
    r = d[key]
  File "/home/ubuntu/TFM_MDE/odoo/odoo/tools/func.py", line 71, in wrapper
    return func(self, *args, **kwargs)
  File "/home/ubuntu/TFM_MDE/odoo/odoo/tools/lru.py", line 34, in __getitem__
    a = self.d[obj]
KeyError: ('ir.qweb', <function IrQWeb._get_asset_nodes at 0x7fbf88de0940>, 'web.assets_common', 'es_ES', True, False, '', False, False, False, (None,))

During handling of the above exception, another exception occurred:

Traceback (most recent call last):
  File "/home/ubuntu/TFM_MDE/odoo/odoo/addons/base/models/qweb.py", line 331, in _compiled_fn
    return compiled(self, append, new, options, log)
  File "<template>", line 1, in template_web_frontend_layout_30
  File "<decorator-gen-66>", line 2, in _get_asset_nodes
  File "/home/ubuntu/TFM_MDE/odoo/odoo/tools/cache.py", line 90, in lookup
    value = d[key] = self.method(*args, **kwargs)
  File "/home/ubuntu/TFM_MDE/odoo/odoo/addons/base/models/ir_qweb.py", line 297, in _get_asset_nodes
    return remains + asset.to_node(css=css, js=js, debug=debug, async_load=async_load, defer_load=defer_load, lazy_load=lazy_load)
  File "/home/ubuntu/TFM_MDE/odoo/odoo/addons/base/models/assetsbundle.py", line 153, in to_node
    css_attachments = self.css() or []
  File "/home/ubuntu/TFM_MDE/odoo/odoo/addons/base/models/assetsbundle.py", line 336, in css
    css = self.preprocess_css()
  File "/home/ubuntu/TFM_MDE/odoo/odoo/addons/base/models/assetsbundle.py", line 467, in preprocess_css
    compiled += self.compile_css(assets[0].compile, source)
  File "/home/ubuntu/TFM_MDE/odoo/odoo/addons/base/models/assetsbundle.py", line 533, in compile_css
    compiled = compiler(source)
  File "/home/ubuntu/TFM_MDE/odoo/odoo/addons/base/models/assetsbundle.py", line 885, in compile
    return libsass.compile(
  File "/home/ubuntu/VirtualEnvrnmnt/Odoo/lib/python3.8/site-packages/sass.py", line 613, in compile
    include_paths = os.pathsep.join(include_paths)
TypeError: sequence item 1: expected str instance, bool found

Error to render compiling AST
TypeError: sequence item 1: expected str instance, bool found
Template: web.frontend_layout
Path: /t/html/head/t[1]
Node: <t t-call-assets="web.assets_common" t-js="false"/> - - -
2021-08-08 15:00:50,229 1043 INFO firm01 werkzeug: 88.7.219.254 - - [08/Aug/2021 15:00:50] "GET /web/login HTTP/1.1" 500 - 58 0.072 0.033
2021-08-08 15:00:50,237 1043 ERROR firm01 werkzeug: Error on request:
Traceback (most recent call last):
  File "/home/ubuntu/TFM_MDE/odoo/odoo/addons/base/models/ir_http.py", line 237, in _dispatch
    result = request.dispatch()
  File "/home/ubuntu/TFM_MDE/odoo/odoo/http.py", line 806, in dispatch
    r = self._call_function(**self.params)
  File "/home/ubuntu/TFM_MDE/odoo/odoo/http.py", line 359, in _call_function
    return checked_call(self.db, *args, **kwargs)
  File "/home/ubuntu/TFM_MDE/odoo/odoo/service/model.py", line 94, in wrapper
    return f(dbname, *args, **kwargs)
  File "/home/ubuntu/TFM_MDE/odoo/odoo/http.py", line 350, in checked_call
    result.flatten()
  File "/home/ubuntu/TFM_MDE/odoo/odoo/http.py", line 1242, in flatten
    self.response.append(self.render())
  File "/home/ubuntu/TFM_MDE/odoo/odoo/http.py", line 1235, in render
    return env["ir.ui.view"]._render_template(self.template, self.qcontext)
  File "/home/ubuntu/TFM_MDE/odoo/odoo/addons/base/models/ir_ui_view.py", line 1709, in _render_template
    return self.browse(self.get_view_id(template))._render(values, engine)
  File "/home/ubuntu/TFM_MDE/odoo/addons/web_editor/models/ir_ui_view.py", line 28, in _render
    return super(IrUiView, self)._render(values=values, engine=engine, minimal_qcontext=minimal_qcontext)
  File "/home/ubuntu/TFM_MDE/odoo/odoo/addons/base/models/ir_ui_view.py", line 1717, in _render
    return self.env[engine]._render(self.id, qcontext)
  File "/home/ubuntu/TFM_MDE/odoo/odoo/addons/base/models/ir_qweb.py", line 55, in _render
    result = super(IrQWeb, self)._render(id_or_xml_id, values=values, **context)
  File "/home/ubuntu/TFM_MDE/odoo/odoo/addons/base/models/qweb.py", line 258, in _render
    self.compile(template, options)(self, body.append, values or {})
  File "/home/ubuntu/TFM_MDE/odoo/odoo/addons/base/models/qweb.py", line 333, in _compiled_fn
    raise e
  File "/home/ubuntu/TFM_MDE/odoo/odoo/addons/base/models/qweb.py", line 331, in _compiled_fn
    return compiled(self, append, new, options, log)
  File "<template>", line 1, in template_web_login_6
    
  File "/home/ubuntu/TFM_MDE/odoo/odoo/addons/base/models/qweb.py", line 333, in _compiled_fn
    raise e
  File "/home/ubuntu/TFM_MDE/odoo/odoo/addons/base/models/qweb.py", line 331, in _compiled_fn
    return compiled(self, append, new, options, log)
  File "<template>", line 1, in template_web_login_layout_12
    
  File "/home/ubuntu/TFM_MDE/odoo/odoo/addons/base/models/qweb.py", line 338, in _compiled_fn
    raise QWebException("Error to render compiling AST", e, path, node and etree.tostring(node[0], encoding='unicode'), name)
Exception

The above exception was the direct cause of the following exception:

Traceback (most recent call last):
  File "/home/ubuntu/VirtualEnvrnmnt/Odoo/lib/python3.8/site-packages/werkzeug/serving.py", line 306, in run_wsgi
    execute(self.server.app)
  File "/home/ubuntu/VirtualEnvrnmnt/Odoo/lib/python3.8/site-packages/werkzeug/serving.py", line 294, in execute
    application_iter = app(environ, start_response)
  File "/home/ubuntu/TFM_MDE/odoo/odoo/service/server.py", line 441, in app
    return self.app(e, s)
  File "/home/ubuntu/TFM_MDE/odoo/odoo/service/wsgi_server.py", line 124, in application
    return application_unproxied(environ, start_response)
  File "/home/ubuntu/TFM_MDE/odoo/odoo/service/wsgi_server.py", line 99, in application_unproxied
    result = odoo.http.root(environ, start_response)
  File "/home/ubuntu/TFM_MDE/odoo/odoo/http.py", line 1295, in __call__
    return self.dispatch(environ, start_response)
  File "/home/ubuntu/TFM_MDE/odoo/odoo/http.py", line 1263, in __call__
    return self.app(environ, start_wrapped)
  File "/home/ubuntu/VirtualEnvrnmnt/Odoo/lib/python3.8/site-packages/werkzeug/middleware/shared_data.py", line 220, in __call__
    return self.app(environ, start_response)
  File "/home/ubuntu/TFM_MDE/odoo/odoo/http.py", line 1468, in dispatch
    result = ir_http._dispatch()
  File "/home/ubuntu/TFM_MDE/odoo/addons/web_editor/models/ir_http.py", line 21, in _dispatch
    return super(IrHttp, cls)._dispatch()
  File "/home/ubuntu/TFM_MDE/odoo/odoo/addons/base/models/ir_http.py", line 241, in _dispatch
    return cls._handle_exception(e)
  File "/home/ubuntu/TFM_MDE/odoo/odoo/addons/base/models/ir_http.py", line 209, in _handle_exception
    return request._handle_exception(exception)
  File "/home/ubuntu/TFM_MDE/odoo/odoo/http.py", line 744, in _handle_exception
    return super(HttpRequest, self)._handle_exception(exception)
  File "/home/ubuntu/TFM_MDE/odoo/odoo/http.py", line 315, in _handle_exception
    raise exception.with_traceback(None) from new_cause
odoo.addons.base.models.qweb.QWebException: sequence item 1: expected str instance, bool found
Traceback (most recent call last):
  File "/home/ubuntu/TFM_MDE/odoo/odoo/tools/cache.py", line 85, in lookup
    r = d[key]
  File "/home/ubuntu/TFM_MDE/odoo/odoo/tools/func.py", line 71, in wrapper
    return func(self, *args, **kwargs)
  File "/home/ubuntu/TFM_MDE/odoo/odoo/tools/lru.py", line 34, in __getitem__
    a = self.d[obj]
KeyError: ('ir.qweb', <function IrQWeb._get_asset_nodes at 0x7fbf88de0940>, 'web.assets_common', 'es_ES', True, False, '', False, False, False, (None,))

During handling of the above exception, another exception occurred:

Traceback (most recent call last):
  File "/home/ubuntu/TFM_MDE/odoo/odoo/addons/base/models/qweb.py", line 331, in _compiled_fn
    return compiled(self, append, new, options, log)
  File "<template>", line 1, in template_web_frontend_layout_30
  File "<decorator-gen-66>", line 2, in _get_asset_nodes
  File "/home/ubuntu/TFM_MDE/odoo/odoo/tools/cache.py", line 90, in lookup
    value = d[key] = self.method(*args, **kwargs)
  File "/home/ubuntu/TFM_MDE/odoo/odoo/addons/base/models/ir_qweb.py", line 297, in _get_asset_nodes
    return remains + asset.to_node(css=css, js=js, debug=debug, async_load=async_load, defer_load=defer_load, lazy_load=lazy_load)
  File "/home/ubuntu/TFM_MDE/odoo/odoo/addons/base/models/assetsbundle.py", line 153, in to_node
    css_attachments = self.css() or []
  File "/home/ubuntu/TFM_MDE/odoo/odoo/addons/base/models/assetsbundle.py", line 336, in css
    css = self.preprocess_css()
  File "/home/ubuntu/TFM_MDE/odoo/odoo/addons/base/models/assetsbundle.py", line 467, in preprocess_css
    compiled += self.compile_css(assets[0].compile, source)
  File "/home/ubuntu/TFM_MDE/odoo/odoo/addons/base/models/assetsbundle.py", line 533, in compile_css
    compiled = compiler(source)
  File "/home/ubuntu/TFM_MDE/odoo/odoo/addons/base/models/assetsbundle.py", line 885, in compile
    return libsass.compile(
  File "/home/ubuntu/VirtualEnvrnmnt/Odoo/lib/python3.8/site-packages/sass.py", line 613, in compile
    include_paths = os.pathsep.join(include_paths)
TypeError: sequence item 1: expected str instance, bool found

Error to render compiling AST
TypeError: sequence item 1: expected str instance, bool found
Template: web.frontend_layout
Path: /t/html/head/t[1]
Node: <t t-call-assets="web.assets_common" t-js="false"/> - - -
2021-08-08 15:00:50,717 1043 INFO firm01 werkzeug: 88.7.219.254 - - [08/Aug/2021 15:00:50] "GET /web/login HTTP/1.1" 500 - 58 0.071 0.034
2021-08-08 15:00:50,725 1043 ERROR firm01 werkzeug: Error on request:
Traceback (most recent call last):
  File "/home/ubuntu/TFM_MDE/odoo/odoo/addons/base/models/ir_http.py", line 237, in _dispatch
    result = request.dispatch()
  File "/home/ubuntu/TFM_MDE/odoo/odoo/http.py", line 806, in dispatch
    r = self._call_function(**self.params)
  File "/home/ubuntu/TFM_MDE/odoo/odoo/http.py", line 359, in _call_function
    return checked_call(self.db, *args, **kwargs)
  File "/home/ubuntu/TFM_MDE/odoo/odoo/service/model.py", line 94, in wrapper
    return f(dbname, *args, **kwargs)
  File "/home/ubuntu/TFM_MDE/odoo/odoo/http.py", line 350, in checked_call
    result.flatten()
  File "/home/ubuntu/TFM_MDE/odoo/odoo/http.py", line 1242, in flatten
    self.response.append(self.render())
  File "/home/ubuntu/TFM_MDE/odoo/odoo/http.py", line 1235, in render
    return env["ir.ui.view"]._render_template(self.template, self.qcontext)
  File "/home/ubuntu/TFM_MDE/odoo/odoo/addons/base/models/ir_ui_view.py", line 1709, in _render_template
    return self.browse(self.get_view_id(template))._render(values, engine)
  File "/home/ubuntu/TFM_MDE/odoo/addons/web_editor/models/ir_ui_view.py", line 28, in _render
    return super(IrUiView, self)._render(values=values, engine=engine, minimal_qcontext=minimal_qcontext)
  File "/home/ubuntu/TFM_MDE/odoo/odoo/addons/base/models/ir_ui_view.py", line 1717, in _render
    return self.env[engine]._render(self.id, qcontext)
  File "/home/ubuntu/TFM_MDE/odoo/odoo/addons/base/models/ir_qweb.py", line 55, in _render
    result = super(IrQWeb, self)._render(id_or_xml_id, values=values, **context)
  File "/home/ubuntu/TFM_MDE/odoo/odoo/addons/base/models/qweb.py", line 258, in _render
    self.compile(template, options)(self, body.append, values or {})
  File "/home/ubuntu/TFM_MDE/odoo/odoo/addons/base/models/qweb.py", line 333, in _compiled_fn
    raise e
  File "/home/ubuntu/TFM_MDE/odoo/odoo/addons/base/models/qweb.py", line 331, in _compiled_fn
    return compiled(self, append, new, options, log)
  File "<template>", line 1, in template_web_login_6
    
  File "/home/ubuntu/TFM_MDE/odoo/odoo/addons/base/models/qweb.py", line 333, in _compiled_fn
    raise e
  File "/home/ubuntu/TFM_MDE/odoo/odoo/addons/base/models/qweb.py", line 331, in _compiled_fn
    return compiled(self, append, new, options, log)
  File "<template>", line 1, in template_web_login_layout_12
    
  File "/home/ubuntu/TFM_MDE/odoo/odoo/addons/base/models/qweb.py", line 338, in _compiled_fn
    raise QWebException("Error to render compiling AST", e, path, node and etree.tostring(node[0], encoding='unicode'), name)
Exception

The above exception was the direct cause of the following exception:

Traceback (most recent call last):
  File "/home/ubuntu/VirtualEnvrnmnt/Odoo/lib/python3.8/site-packages/werkzeug/serving.py", line 306, in run_wsgi
    execute(self.server.app)
  File "/home/ubuntu/VirtualEnvrnmnt/Odoo/lib/python3.8/site-packages/werkzeug/serving.py", line 294, in execute
    application_iter = app(environ, start_response)
  File "/home/ubuntu/TFM_MDE/odoo/odoo/service/server.py", line 441, in app
    return self.app(e, s)
  File "/home/ubuntu/TFM_MDE/odoo/odoo/service/wsgi_server.py", line 124, in application
    return application_unproxied(environ, start_response)
  File "/home/ubuntu/TFM_MDE/odoo/odoo/service/wsgi_server.py", line 99, in application_unproxied
    result = odoo.http.root(environ, start_response)
  File "/home/ubuntu/TFM_MDE/odoo/odoo/http.py", line 1295, in __call__
    return self.dispatch(environ, start_response)
  File "/home/ubuntu/TFM_MDE/odoo/odoo/http.py", line 1263, in __call__
    return self.app(environ, start_wrapped)
  File "/home/ubuntu/VirtualEnvrnmnt/Odoo/lib/python3.8/site-packages/werkzeug/middleware/shared_data.py", line 220, in __call__
    return self.app(environ, start_response)
  File "/home/ubuntu/TFM_MDE/odoo/odoo/http.py", line 1468, in dispatch
    result = ir_http._dispatch()
  File "/home/ubuntu/TFM_MDE/odoo/addons/web_editor/models/ir_http.py", line 21, in _dispatch
    return super(IrHttp, cls)._dispatch()
  File "/home/ubuntu/TFM_MDE/odoo/odoo/addons/base/models/ir_http.py", line 241, in _dispatch
    return cls._handle_exception(e)
  File "/home/ubuntu/TFM_MDE/odoo/odoo/addons/base/models/ir_http.py", line 209, in _handle_exception
    return request._handle_exception(exception)
  File "/home/ubuntu/TFM_MDE/odoo/odoo/http.py", line 744, in _handle_exception
    return super(HttpRequest, self)._handle_exception(exception)
  File "/home/ubuntu/TFM_MDE/odoo/odoo/http.py", line 315, in _handle_exception
    raise exception.with_traceback(None) from new_cause
odoo.addons.base.models.qweb.QWebException: sequence item 1: expected str instance, bool found
Traceback (most recent call last):
  File "/home/ubuntu/TFM_MDE/odoo/odoo/tools/cache.py", line 85, in lookup
    r = d[key]
  File "/home/ubuntu/TFM_MDE/odoo/odoo/tools/func.py", line 71, in wrapper
    return func(self, *args, **kwargs)
  File "/home/ubuntu/TFM_MDE/odoo/odoo/tools/lru.py", line 34, in __getitem__
    a = self.d[obj]
KeyError: ('ir.qweb', <function IrQWeb._get_asset_nodes at 0x7fbf88de0940>, 'web.assets_common', 'es_ES', True, False, '', False, False, False, (None,))

During handling of the above exception, another exception occurred:

Traceback (most recent call last):
  File "/home/ubuntu/TFM_MDE/odoo/odoo/addons/base/models/qweb.py", line 331, in _compiled_fn
    return compiled(self, append, new, options, log)
  File "<template>", line 1, in template_web_frontend_layout_30
  File "<decorator-gen-66>", line 2, in _get_asset_nodes
  File "/home/ubuntu/TFM_MDE/odoo/odoo/tools/cache.py", line 90, in lookup
    value = d[key] = self.method(*args, **kwargs)
  File "/home/ubuntu/TFM_MDE/odoo/odoo/addons/base/models/ir_qweb.py", line 297, in _get_asset_nodes
    return remains + asset.to_node(css=css, js=js, debug=debug, async_load=async_load, defer_load=defer_load, lazy_load=lazy_load)
  File "/home/ubuntu/TFM_MDE/odoo/odoo/addons/base/models/assetsbundle.py", line 153, in to_node
    css_attachments = self.css() or []
  File "/home/ubuntu/TFM_MDE/odoo/odoo/addons/base/models/assetsbundle.py", line 336, in css
    css = self.preprocess_css()
  File "/home/ubuntu/TFM_MDE/odoo/odoo/addons/base/models/assetsbundle.py", line 467, in preprocess_css
    compiled += self.compile_css(assets[0].compile, source)
  File "/home/ubuntu/TFM_MDE/odoo/odoo/addons/base/models/assetsbundle.py", line 533, in compile_css
    compiled = compiler(source)
  File "/home/ubuntu/TFM_MDE/odoo/odoo/addons/base/models/assetsbundle.py", line 885, in compile
    return libsass.compile(
  File "/home/ubuntu/VirtualEnvrnmnt/Odoo/lib/python3.8/site-packages/sass.py", line 613, in compile
    include_paths = os.pathsep.join(include_paths)
TypeError: sequence item 1: expected str instance, bool found

Error to render compiling AST
TypeError: sequence item 1: expected str instance, bool found
Template: web.frontend_layout
Path: /t/html/head/t[1]
Node: <t t-call-assets="web.assets_common" t-js="false"/> - - -
2021-08-08 15:00:50,928 1043 INFO firm01 werkzeug: 88.7.219.254 - - [08/Aug/2021 15:00:50] "GET /web/login HTTP/1.1" 500 - 58 0.072 0.052
2021-08-08 15:00:50,935 1043 ERROR firm01 werkzeug: Error on request:
Traceback (most recent call last):
  File "/home/ubuntu/TFM_MDE/odoo/odoo/addons/base/models/ir_http.py", line 237, in _dispatch
    result = request.dispatch()
  File "/home/ubuntu/TFM_MDE/odoo/odoo/http.py", line 806, in dispatch
    r = self._call_function(**self.params)
  File "/home/ubuntu/TFM_MDE/odoo/odoo/http.py", line 359, in _call_function
    return checked_call(self.db, *args, **kwargs)
  File "/home/ubuntu/TFM_MDE/odoo/odoo/service/model.py", line 94, in wrapper
    return f(dbname, *args, **kwargs)
  File "/home/ubuntu/TFM_MDE/odoo/odoo/http.py", line 350, in checked_call
    result.flatten()
  File "/home/ubuntu/TFM_MDE/odoo/odoo/http.py", line 1242, in flatten
    self.response.append(self.render())
  File "/home/ubuntu/TFM_MDE/odoo/odoo/http.py", line 1235, in render
    return env["ir.ui.view"]._render_template(self.template, self.qcontext)
  File "/home/ubuntu/TFM_MDE/odoo/odoo/addons/base/models/ir_ui_view.py", line 1709, in _render_template
    return self.browse(self.get_view_id(template))._render(values, engine)
  File "/home/ubuntu/TFM_MDE/odoo/addons/web_editor/models/ir_ui_view.py", line 28, in _render
    return super(IrUiView, self)._render(values=values, engine=engine, minimal_qcontext=minimal_qcontext)
  File "/home/ubuntu/TFM_MDE/odoo/odoo/addons/base/models/ir_ui_view.py", line 1717, in _render
    return self.env[engine]._render(self.id, qcontext)
  File "/home/ubuntu/TFM_MDE/odoo/odoo/addons/base/models/ir_qweb.py", line 55, in _render
    result = super(IrQWeb, self)._render(id_or_xml_id, values=values, **context)
  File "/home/ubuntu/TFM_MDE/odoo/odoo/addons/base/models/qweb.py", line 258, in _render
    self.compile(template, options)(self, body.append, values or {})
  File "/home/ubuntu/TFM_MDE/odoo/odoo/addons/base/models/qweb.py", line 333, in _compiled_fn
    raise e
  File "/home/ubuntu/TFM_MDE/odoo/odoo/addons/base/models/qweb.py", line 331, in _compiled_fn
    return compiled(self, append, new, options, log)
  File "<template>", line 1, in template_web_login_6
    
  File "/home/ubuntu/TFM_MDE/odoo/odoo/addons/base/models/qweb.py", line 333, in _compiled_fn
    raise e
  File "/home/ubuntu/TFM_MDE/odoo/odoo/addons/base/models/qweb.py", line 331, in _compiled_fn
    return compiled(self, append, new, options, log)
  File "<template>", line 1, in template_web_login_layout_12
    
  File "/home/ubuntu/TFM_MDE/odoo/odoo/addons/base/models/qweb.py", line 338, in _compiled_fn
    raise QWebException("Error to render compiling AST", e, path, node and etree.tostring(node[0], encoding='unicode'), name)
Exception

The above exception was the direct cause of the following exception:

Traceback (most recent call last):
  File "/home/ubuntu/VirtualEnvrnmnt/Odoo/lib/python3.8/site-packages/werkzeug/serving.py", line 306, in run_wsgi
    execute(self.server.app)
  File "/home/ubuntu/VirtualEnvrnmnt/Odoo/lib/python3.8/site-packages/werkzeug/serving.py", line 294, in execute
    application_iter = app(environ, start_response)
  File "/home/ubuntu/TFM_MDE/odoo/odoo/service/server.py", line 441, in app
    return self.app(e, s)
  File "/home/ubuntu/TFM_MDE/odoo/odoo/service/wsgi_server.py", line 124, in application
    return application_unproxied(environ, start_response)
  File "/home/ubuntu/TFM_MDE/odoo/odoo/service/wsgi_server.py", line 99, in application_unproxied
    result = odoo.http.root(environ, start_response)
  File "/home/ubuntu/TFM_MDE/odoo/odoo/http.py", line 1295, in __call__
    return self.dispatch(environ, start_response)
  File "/home/ubuntu/TFM_MDE/odoo/odoo/http.py", line 1263, in __call__
    return self.app(environ, start_wrapped)
  File "/home/ubuntu/VirtualEnvrnmnt/Odoo/lib/python3.8/site-packages/werkzeug/middleware/shared_data.py", line 220, in __call__
    return self.app(environ, start_response)
  File "/home/ubuntu/TFM_MDE/odoo/odoo/http.py", line 1468, in dispatch
    result = ir_http._dispatch()
  File "/home/ubuntu/TFM_MDE/odoo/addons/web_editor/models/ir_http.py", line 21, in _dispatch
    return super(IrHttp, cls)._dispatch()
  File "/home/ubuntu/TFM_MDE/odoo/odoo/addons/base/models/ir_http.py", line 241, in _dispatch
    return cls._handle_exception(e)
  File "/home/ubuntu/TFM_MDE/odoo/odoo/addons/base/models/ir_http.py", line 209, in _handle_exception
    return request._handle_exception(exception)
  File "/home/ubuntu/TFM_MDE/odoo/odoo/http.py", line 744, in _handle_exception
    return super(HttpRequest, self)._handle_exception(exception)
  File "/home/ubuntu/TFM_MDE/odoo/odoo/http.py", line 315, in _handle_exception
    raise exception.with_traceback(None) from new_cause
odoo.addons.base.models.qweb.QWebException: sequence item 1: expected str instance, bool found
Traceback (most recent call last):
  File "/home/ubuntu/TFM_MDE/odoo/odoo/tools/cache.py", line 85, in lookup
    r = d[key]
  File "/home/ubuntu/TFM_MDE/odoo/odoo/tools/func.py", line 71, in wrapper
    return func(self, *args, **kwargs)
  File "/home/ubuntu/TFM_MDE/odoo/odoo/tools/lru.py", line 34, in __getitem__
    a = self.d[obj]
KeyError: ('ir.qweb', <function IrQWeb._get_asset_nodes at 0x7fbf88de0940>, 'web.assets_common', 'es_ES', True, False, '', False, False, False, (None,))

During handling of the above exception, another exception occurred:

Traceback (most recent call last):
  File "/home/ubuntu/TFM_MDE/odoo/odoo/addons/base/models/qweb.py", line 331, in _compiled_fn
    return compiled(self, append, new, options, log)
  File "<template>", line 1, in template_web_frontend_layout_30
  File "<decorator-gen-66>", line 2, in _get_asset_nodes
  File "/home/ubuntu/TFM_MDE/odoo/odoo/tools/cache.py", line 90, in lookup
    value = d[key] = self.method(*args, **kwargs)
  File "/home/ubuntu/TFM_MDE/odoo/odoo/addons/base/models/ir_qweb.py", line 297, in _get_asset_nodes
    return remains + asset.to_node(css=css, js=js, debug=debug, async_load=async_load, defer_load=defer_load, lazy_load=lazy_load)
  File "/home/ubuntu/TFM_MDE/odoo/odoo/addons/base/models/assetsbundle.py", line 153, in to_node
    css_attachments = self.css() or []
  File "/home/ubuntu/TFM_MDE/odoo/odoo/addons/base/models/assetsbundle.py", line 336, in css
    css = self.preprocess_css()
  File "/home/ubuntu/TFM_MDE/odoo/odoo/addons/base/models/assetsbundle.py", line 467, in preprocess_css
    compiled += self.compile_css(assets[0].compile, source)
  File "/home/ubuntu/TFM_MDE/odoo/odoo/addons/base/models/assetsbundle.py", line 533, in compile_css
    compiled = compiler(source)
  File "/home/ubuntu/TFM_MDE/odoo/odoo/addons/base/models/assetsbundle.py", line 885, in compile
    return libsass.compile(
  File "/home/ubuntu/VirtualEnvrnmnt/Odoo/lib/python3.8/site-packages/sass.py", line 613, in compile
    include_paths = os.pathsep.join(include_paths)
TypeError: sequence item 1: expected str instance, bool found

Error to render compiling AST
TypeError: sequence item 1: expected str instance, bool found
Template: web.frontend_layout
Path: /t/html/head/t[1]
Node: <t t-call-assets="web.assets_common" t-js="false"/> - - -
2021-08-08 15:00:51,086 1043 INFO firm01 werkzeug: 88.7.219.254 - - [08/Aug/2021 15:00:51] "GET /web/login HTTP/1.1" 500 - 58 0.074 0.034
2021-08-08 15:00:51,093 1043 ERROR firm01 werkzeug: Error on request:
Traceback (most recent call last):
  File "/home/ubuntu/TFM_MDE/odoo/odoo/addons/base/models/ir_http.py", line 237, in _dispatch
    result = request.dispatch()
  File "/home/ubuntu/TFM_MDE/odoo/odoo/http.py", line 806, in dispatch
    r = self._call_function(**self.params)
  File "/home/ubuntu/TFM_MDE/odoo/odoo/http.py", line 359, in _call_function
    return checked_call(self.db, *args, **kwargs)
  File "/home/ubuntu/TFM_MDE/odoo/odoo/service/model.py", line 94, in wrapper
    return f(dbname, *args, **kwargs)
  File "/home/ubuntu/TFM_MDE/odoo/odoo/http.py", line 350, in checked_call
    result.flatten()
  File "/home/ubuntu/TFM_MDE/odoo/odoo/http.py", line 1242, in flatten
    self.response.append(self.render())
  File "/home/ubuntu/TFM_MDE/odoo/odoo/http.py", line 1235, in render
    return env["ir.ui.view"]._render_template(self.template, self.qcontext)
  File "/home/ubuntu/TFM_MDE/odoo/odoo/addons/base/models/ir_ui_view.py", line 1709, in _render_template
    return self.browse(self.get_view_id(template))._render(values, engine)
  File "/home/ubuntu/TFM_MDE/odoo/addons/web_editor/models/ir_ui_view.py", line 28, in _render
    return super(IrUiView, self)._render(values=values, engine=engine, minimal_qcontext=minimal_qcontext)
  File "/home/ubuntu/TFM_MDE/odoo/odoo/addons/base/models/ir_ui_view.py", line 1717, in _render
    return self.env[engine]._render(self.id, qcontext)
  File "/home/ubuntu/TFM_MDE/odoo/odoo/addons/base/models/ir_qweb.py", line 55, in _render
    result = super(IrQWeb, self)._render(id_or_xml_id, values=values, **context)
  File "/home/ubuntu/TFM_MDE/odoo/odoo/addons/base/models/qweb.py", line 258, in _render
    self.compile(template, options)(self, body.append, values or {})
  File "/home/ubuntu/TFM_MDE/odoo/odoo/addons/base/models/qweb.py", line 333, in _compiled_fn
    raise e
  File "/home/ubuntu/TFM_MDE/odoo/odoo/addons/base/models/qweb.py", line 331, in _compiled_fn
    return compiled(self, append, new, options, log)
  File "<template>", line 1, in template_web_login_6
    
  File "/home/ubuntu/TFM_MDE/odoo/odoo/addons/base/models/qweb.py", line 333, in _compiled_fn
    raise e
  File "/home/ubuntu/TFM_MDE/odoo/odoo/addons/base/models/qweb.py", line 331, in _compiled_fn
    return compiled(self, append, new, options, log)
  File "<template>", line 1, in template_web_login_layout_12
    
  File "/home/ubuntu/TFM_MDE/odoo/odoo/addons/base/models/qweb.py", line 338, in _compiled_fn
    raise QWebException("Error to render compiling AST", e, path, node and etree.tostring(node[0], encoding='unicode'), name)
Exception

The above exception was the direct cause of the following exception:

Traceback (most recent call last):
  File "/home/ubuntu/VirtualEnvrnmnt/Odoo/lib/python3.8/site-packages/werkzeug/serving.py", line 306, in run_wsgi
    execute(self.server.app)
  File "/home/ubuntu/VirtualEnvrnmnt/Odoo/lib/python3.8/site-packages/werkzeug/serving.py", line 294, in execute
    application_iter = app(environ, start_response)
  File "/home/ubuntu/TFM_MDE/odoo/odoo/service/server.py", line 441, in app
    return self.app(e, s)
  File "/home/ubuntu/TFM_MDE/odoo/odoo/service/wsgi_server.py", line 124, in application
    return application_unproxied(environ, start_response)
  File "/home/ubuntu/TFM_MDE/odoo/odoo/service/wsgi_server.py", line 99, in application_unproxied
    result = odoo.http.root(environ, start_response)
  File "/home/ubuntu/TFM_MDE/odoo/odoo/http.py", line 1295, in __call__
    return self.dispatch(environ, start_response)
  File "/home/ubuntu/TFM_MDE/odoo/odoo/http.py", line 1263, in __call__
    return self.app(environ, start_wrapped)
  File "/home/ubuntu/VirtualEnvrnmnt/Odoo/lib/python3.8/site-packages/werkzeug/middleware/shared_data.py", line 220, in __call__
    return self.app(environ, start_response)
  File "/home/ubuntu/TFM_MDE/odoo/odoo/http.py", line 1468, in dispatch
    result = ir_http._dispatch()
  File "/home/ubuntu/TFM_MDE/odoo/addons/web_editor/models/ir_http.py", line 21, in _dispatch
    return super(IrHttp, cls)._dispatch()
  File "/home/ubuntu/TFM_MDE/odoo/odoo/addons/base/models/ir_http.py", line 241, in _dispatch
    return cls._handle_exception(e)
  File "/home/ubuntu/TFM_MDE/odoo/odoo/addons/base/models/ir_http.py", line 209, in _handle_exception
    return request._handle_exception(exception)
  File "/home/ubuntu/TFM_MDE/odoo/odoo/http.py", line 744, in _handle_exception
    return super(HttpRequest, self)._handle_exception(exception)
  File "/home/ubuntu/TFM_MDE/odoo/odoo/http.py", line 315, in _handle_exception
    raise exception.with_traceback(None) from new_cause
odoo.addons.base.models.qweb.QWebException: sequence item 1: expected str instance, bool found
Traceback (most recent call last):
  File "/home/ubuntu/TFM_MDE/odoo/odoo/tools/cache.py", line 85, in lookup
    r = d[key]
  File "/home/ubuntu/TFM_MDE/odoo/odoo/tools/func.py", line 71, in wrapper
    return func(self, *args, **kwargs)
  File "/home/ubuntu/TFM_MDE/odoo/odoo/tools/lru.py", line 34, in __getitem__
    a = self.d[obj]
KeyError: ('ir.qweb', <function IrQWeb._get_asset_nodes at 0x7fbf88de0940>, 'web.assets_common', 'es_ES', True, False, '', False, False, False, (None,))

During handling of the above exception, another exception occurred:

Traceback (most recent call last):
  File "/home/ubuntu/TFM_MDE/odoo/odoo/addons/base/models/qweb.py", line 331, in _compiled_fn
    return compiled(self, append, new, options, log)
  File "<template>", line 1, in template_web_frontend_layout_30
  File "<decorator-gen-66>", line 2, in _get_asset_nodes
  File "/home/ubuntu/TFM_MDE/odoo/odoo/tools/cache.py", line 90, in lookup
    value = d[key] = self.method(*args, **kwargs)
  File "/home/ubuntu/TFM_MDE/odoo/odoo/addons/base/models/ir_qweb.py", line 297, in _get_asset_nodes
    return remains + asset.to_node(css=css, js=js, debug=debug, async_load=async_load, defer_load=defer_load, lazy_load=lazy_load)
  File "/home/ubuntu/TFM_MDE/odoo/odoo/addons/base/models/assetsbundle.py", line 153, in to_node
    css_attachments = self.css() or []
  File "/home/ubuntu/TFM_MDE/odoo/odoo/addons/base/models/assetsbundle.py", line 336, in css
    css = self.preprocess_css()
  File "/home/ubuntu/TFM_MDE/odoo/odoo/addons/base/models/assetsbundle.py", line 467, in preprocess_css
    compiled += self.compile_css(assets[0].compile, source)
  File "/home/ubuntu/TFM_MDE/odoo/odoo/addons/base/models/assetsbundle.py", line 533, in compile_css
    compiled = compiler(source)
  File "/home/ubuntu/TFM_MDE/odoo/odoo/addons/base/models/assetsbundle.py", line 885, in compile
    return libsass.compile(
  File "/home/ubuntu/VirtualEnvrnmnt/Odoo/lib/python3.8/site-packages/sass.py", line 613, in compile
    include_paths = os.pathsep.join(include_paths)
TypeError: sequence item 1: expected str instance, bool found

Error to render compiling AST
TypeError: sequence item 1: expected str instance, bool found
Template: web.frontend_layout
Path: /t/html/head/t[1]
Node: <t t-call-assets="web.assets_common" t-js="false"/> - - -
2021-08-08 15:01:25,602 1043 INFO firm01 odoo.service.server: Initiating shutdown 
2021-08-08 15:01:25,602 1043 INFO firm01 odoo.service.server: Hit CTRL-C again or send a second signal to force the shutdown. 
2021-08-08 15:35:49,898 1511 INFO ? odoo: Odoo version 14.0 
2021-08-08 15:35:49,899 1511 INFO ? odoo: addons paths: ['/home/ubuntu/odoo/odoo/addons', '/home/ubuntu/.local/share/Odoo/addons/14.0', '/home/ubuntu/odoo/addons', '/home/ubuntu/TFM_MDE/src/custom'] 
2021-08-08 15:35:49,900 1511 INFO ? odoo: database: firm01@odoo-db.cnfvu3hjlwx5.eu-west-3.rds.amazonaws.com:5432 
2021-08-08 15:35:50,066 1511 INFO ? odoo.addons.base.models.ir_actions_report: You need Wkhtmltopdf to print a pdf version of the reports. 
2021-08-08 15:35:50,150 1511 INFO ? odoo.service.server: HTTP service (werkzeug) running on ip-172-31-30-204.eu-west-3.compute.internal:8069 
2021-08-08 15:35:50,180 1511 INFO firm01 odoo.modules.loading: loading 1 modules... 
2021-08-08 15:35:50,195 1511 INFO firm01 odoo.modules.loading: 1 modules loaded in 0.02s, 0 queries (+0 extra) 
2021-08-08 15:35:50,201 1511 INFO firm01 odoo.modules.loading: loading 10 modules... 
2021-08-08 15:35:50,250 1511 INFO firm01 odoo.modules.loading: 10 modules loaded in 0.05s, 0 queries (+0 extra) 
2021-08-08 15:35:50,356 1511 INFO firm01 odoo.modules.loading: Modules loaded. 
2021-08-08 15:36:02,072 1511 INFO ? odoo.http: HTTP Configuring static files 
2021-08-08 15:36:02,079 1511 INFO firm01 odoo.addons.base.models.ir_http: Generating routing map for key None 
2021-08-08 15:36:02,730 1511 INFO firm01 werkzeug: 88.7.219.254 - - [08/Aug/2021 15:36:02] "GET /web HTTP/1.1" 200 - 251 0.355 0.302
2021-08-08 15:36:02,903 1511 INFO ? werkzeug: 88.7.219.254 - - [08/Aug/2021 15:36:02] "GET /web/static/src/img/favicon.ico HTTP/1.1" 200 - - - -
2021-08-08 15:36:03,027 1511 INFO firm01 werkzeug: 88.7.219.254 - - [08/Aug/2021 15:36:03] "GET /web/image/res.company/1/favicon/ HTTP/1.1" 304 - 11 0.027 0.031
2021-08-08 15:36:03,037 1511 INFO firm01 werkzeug: 88.7.219.254 - - [08/Aug/2021 15:36:03] "GET /web/image?model=res.users&field=image_128&id=2 HTTP/1.1" 304 - 11 0.036 0.028
2021-08-08 15:36:03,067 1511 INFO firm01 werkzeug: 88.7.219.254 - - [08/Aug/2021 15:36:03] "POST /web/action/load HTTP/1.1" 200 - 29 0.054 0.045
2021-08-08 15:36:03,279 1511 INFO firm01 werkzeug: 88.7.219.254 - - [08/Aug/2021 15:36:03] "POST /web/dataset/call_kw/ir.module.module/load_views HTTP/1.1" 200 - 75 0.108 0.042
2021-08-08 15:36:03,491 1511 INFO firm01 werkzeug: 88.7.219.254 - - [08/Aug/2021 15:36:03] "POST /web/dataset/call_kw/ir.module.module/search_panel_select_range HTTP/1.1" 200 - 42 0.058 0.016
2021-08-08 15:36:03,589 1511 INFO firm01 werkzeug: 88.7.219.254 - - [08/Aug/2021 15:36:03] "POST /web/dataset/search_read HTTP/1.1" 200 - 3 0.007 0.008
2021-08-08 15:36:06,686 1511 INFO firm01 werkzeug: 88.7.219.254 - - [08/Aug/2021 15:36:06] "GET /web/session/logout HTTP/1.1" 303 - 1 0.003 0.006
2021-08-08 15:36:06,745 1511 INFO firm01 werkzeug: 88.7.219.254 - - [08/Aug/2021 15:36:06] "GET /web HTTP/1.1" 303 - 1 0.002 0.004
2021-08-08 15:36:07,244 1511 INFO firm01 werkzeug: 88.7.219.254 - - [08/Aug/2021 15:36:07] "GET /web/login HTTP/1.1" 200 - 181 0.241 0.161
2021-08-08 15:36:07,436 1511 INFO firm01 werkzeug: 88.7.219.254 - - [08/Aug/2021 15:36:07] "GET /web/webclient/translations/1628436967312?mods=&lang= HTTP/1.1" 200 - 6 0.011 0.007
2021-08-08 15:36:11,948 1511 INFO firm01 odoo.addons.base.models.res_users: Login successful for db:firm01 login:admin from 88.7.219.254 
2021-08-08 15:36:11,966 1511 INFO firm01 werkzeug: 88.7.219.254 - - [08/Aug/2021 15:36:11] "POST /web/login HTTP/1.1" 303 - 39 0.055 0.048
2021-08-08 15:36:12,051 1511 INFO firm01 werkzeug: 88.7.219.254 - - [08/Aug/2021 15:36:12] "GET /web HTTP/1.1" 200 - 15 0.026 0.017
2021-08-08 15:36:12,318 1511 INFO firm01 werkzeug: 88.7.219.254 - - [08/Aug/2021 15:36:12] "POST /web/dataset/call_kw/res.users/read HTTP/1.1" 200 - 2 0.004 0.008
2021-08-08 15:36:12,326 1511 INFO firm01 werkzeug: 88.7.219.254 - - [08/Aug/2021 15:36:12] "GET /web/image?model=res.users&field=image_128&id=2 HTTP/1.1" 304 - 5 0.008 0.011
2021-08-08 15:36:12,348 1511 INFO firm01 werkzeug: 88.7.219.254 - - [08/Aug/2021 15:36:12] "POST /web/action/load HTTP/1.1" 200 - 15 0.025 0.016
2021-08-08 15:36:12,508 1511 INFO firm01 werkzeug: 88.7.219.254 - - [08/Aug/2021 15:36:12] "POST /web/dataset/call_kw/ir.module.module/load_views HTTP/1.1" 200 - 27 0.039 0.027
2021-08-08 15:36:12,721 1511 INFO firm01 werkzeug: 88.7.219.254 - - [08/Aug/2021 15:36:12] "POST /web/dataset/call_kw/ir.module.module/search_panel_select_range HTTP/1.1" 200 - 37 0.048 0.015
2021-08-08 15:36:12,808 1511 INFO firm01 werkzeug: 88.7.219.254 - - [08/Aug/2021 15:36:12] "POST /web/dataset/search_read HTTP/1.1" 200 - 3 0.007 0.008
2021-08-08 15:36:16,940 1511 INFO firm01 werkzeug: 88.7.219.254 - - [08/Aug/2021 15:36:16] "GET /web/session/logout HTTP/1.1" 303 - 1 0.002 0.006
2021-08-08 15:36:17,005 1511 INFO firm01 werkzeug: 88.7.219.254 - - [08/Aug/2021 15:36:17] "GET /web HTTP/1.1" 303 - 1 0.002 0.004
2021-08-08 15:36:17,090 1511 INFO firm01 werkzeug: 88.7.219.254 - - [08/Aug/2021 15:36:17] "GET /web/login HTTP/1.1" 200 - 4 0.007 0.008
2021-08-08 15:36:17,273 1511 INFO firm01 werkzeug: 88.7.219.254 - - [08/Aug/2021 15:36:17] "GET /web/webclient/translations/1628436977161?mods=&lang= HTTP/1.1" 200 - 5 0.008 0.007
2021-08-08 15:37:49,401 1511 INFO firm01 werkzeug: 66.249.93.187 - - [08/Aug/2021 15:37:49] "GET /web/login HTTP/1.1" 200 - 111 0.143 0.115
2021-08-08 15:37:49,466 1511 INFO firm01 werkzeug: 66.249.93.187 - - [08/Aug/2021 15:37:49] "GET /web/binary/company_logo HTTP/1.1" 200 - 2 0.006 0.006
2021-08-08 15:37:50,245 1511 INFO firm01 werkzeug: 66.249.93.187 - - [08/Aug/2021 15:37:50] "GET /web/binary/company_logo HTTP/1.1" 200 - 2 0.006 0.006
2021-08-08 15:37:50,548 1511 INFO firm01 werkzeug: 66.249.80.81 - - [08/Aug/2021 15:37:50] "GET /web/login HTTP/1.1" 200 - 4 0.007 0.008
2021-08-08 15:37:50,812 1511 INFO firm01 werkzeug: 66.249.80.83 - - [08/Aug/2021 15:37:50] "GET /web/binary/company_logo HTTP/1.1" 200 - 2 0.006 0.007
2021-08-08 15:39:39,419 1511 INFO firm01 werkzeug: 88.7.219.254 - - [08/Aug/2021 15:39:39] "GET /web/database/manager HTTP/1.1" 200 - 3 0.006 0.057
2021-08-08 15:39:39,556 1511 INFO ? werkzeug: 88.7.219.254 - - [08/Aug/2021 15:39:39] "GET /web/static/lib/fontawesome/css/font-awesome.css HTTP/1.1" 200 - - - -
2021-08-08 15:39:39,587 1511 INFO ? werkzeug: 88.7.219.254 - - [08/Aug/2021 15:39:39] "GET /web/static/lib/jquery/jquery.js HTTP/1.1" 200 - - - -
2021-08-08 15:39:39,588 1511 INFO ? werkzeug: 88.7.219.254 - - [08/Aug/2021 15:39:39] "GET /web/static/lib/bootstrap/css/bootstrap.css HTTP/1.1" 200 - - - -
2021-08-08 15:39:39,589 1511 INFO ? werkzeug: 88.7.219.254 - - [08/Aug/2021 15:39:39] "GET /web/static/lib/popper/popper.js HTTP/1.1" 200 - - - -
2021-08-08 15:39:39,590 1511 INFO ? werkzeug: 88.7.219.254 - - [08/Aug/2021 15:39:39] "GET /web/static/lib/bootstrap/js/index.js HTTP/1.1" 200 - - - -
2021-08-08 15:39:39,591 1511 INFO ? werkzeug: 88.7.219.254 - - [08/Aug/2021 15:39:39] "GET /web/static/lib/bootstrap/js/util.js HTTP/1.1" 200 - - - -
2021-08-08 15:39:39,647 1511 INFO ? werkzeug: 88.7.219.254 - - [08/Aug/2021 15:39:39] "GET /web/static/lib/bootstrap/js/alert.js HTTP/1.1" 200 - - - -
2021-08-08 15:39:39,649 1511 INFO ? werkzeug: 88.7.219.254 - - [08/Aug/2021 15:39:39] "GET /web/static/lib/bootstrap/js/button.js HTTP/1.1" 200 - - - -
2021-08-08 15:39:39,651 1511 INFO ? werkzeug: 88.7.219.254 - - [08/Aug/2021 15:39:39] "GET /web/static/lib/bootstrap/js/carousel.js HTTP/1.1" 200 - - - -
2021-08-08 15:39:39,711 1511 INFO ? werkzeug: 88.7.219.254 - - [08/Aug/2021 15:39:39] "GET /web/static/lib/bootstrap/js/dropdown.js HTTP/1.1" 200 - - - -
2021-08-08 15:39:39,712 1511 INFO ? werkzeug: 88.7.219.254 - - [08/Aug/2021 15:39:39] "GET /web/static/lib/bootstrap/js/collapse.js HTTP/1.1" 200 - - - -
2021-08-08 15:39:39,714 1511 INFO ? werkzeug: 88.7.219.254 - - [08/Aug/2021 15:39:39] "GET /web/static/lib/bootstrap/js/modal.js HTTP/1.1" 200 - - - -
2021-08-08 15:39:39,741 1511 INFO ? werkzeug: 88.7.219.254 - - [08/Aug/2021 15:39:39] "GET /web/static/lib/bootstrap/js/tooltip.js HTTP/1.1" 200 - - - -
2021-08-08 15:39:39,784 1511 INFO ? werkzeug: 88.7.219.254 - - [08/Aug/2021 15:39:39] "GET /web/static/lib/bootstrap/js/popover.js HTTP/1.1" 200 - - - -
2021-08-08 15:39:39,788 1511 INFO ? werkzeug: 88.7.219.254 - - [08/Aug/2021 15:39:39] "GET /web/static/lib/bootstrap/js/scrollspy.js HTTP/1.1" 200 - - - -
2021-08-08 15:39:39,800 1511 INFO ? werkzeug: 88.7.219.254 - - [08/Aug/2021 15:39:39] "GET /web/static/lib/bootstrap/js/tab.js HTTP/1.1" 200 - - - -
2021-08-08 15:39:39,860 1511 INFO ? werkzeug: 88.7.219.254 - - [08/Aug/2021 15:39:39] "GET /web/static/src/img/logo2.png HTTP/1.1" 200 - - - -
2021-08-08 15:39:45,739 1511 INFO firm01 werkzeug: 88.7.219.254 - - [08/Aug/2021 15:39:45] "GET /web/webclient/translations/1628437185650?mods=&lang= HTTP/1.1" 200 - 5 0.008 0.007
2021-08-08 15:41:25,586 1511 INFO firm01 odoo.service.server: Initiating server reload 
2021-08-08 15:41:27,052 1511 INFO ? odoo: Odoo version 14.0 
2021-08-08 15:41:27,053 1511 INFO ? odoo: addons paths: ['/home/ubuntu/odoo/odoo/addons', '/home/ubuntu/.local/share/Odoo/addons/14.0', '/home/ubuntu/odoo/addons', '/home/ubuntu/TFM_MDE/src/custom'] 
2021-08-08 15:41:27,053 1511 INFO ? odoo: database: firm01@odoo-db.cnfvu3hjlwx5.eu-west-3.rds.amazonaws.com:5432 
2021-08-08 15:41:27,213 1511 INFO ? odoo.addons.base.models.ir_actions_report: You need Wkhtmltopdf to print a pdf version of the reports. 
2021-08-08 15:41:27,310 1511 INFO ? odoo.service.server: HTTP service (werkzeug) running on ip-172-31-30-204.eu-west-3.compute.internal:8069 
2021-08-08 15:41:27,338 1511 INFO firm01 odoo.modules.loading: loading 1 modules... 
2021-08-08 15:41:27,354 1511 INFO firm01 odoo.modules.loading: 1 modules loaded in 0.02s, 0 queries (+0 extra) 
2021-08-08 15:41:27,360 1511 INFO firm01 odoo.modules.loading: loading 10 modules... 
2021-08-08 15:41:27,410 1511 INFO firm01 odoo.modules.loading: 10 modules loaded in 0.05s, 0 queries (+0 extra) 
2021-08-08 15:41:27,518 1511 INFO firm01 odoo.modules.loading: Modules loaded. 
2021-08-08 15:41:29,926 1511 INFO ? odoo.http: HTTP Configuring static files 
2021-08-08 15:41:29,932 1511 INFO firm01 odoo.addons.base.models.ir_http: Generating routing map for key None 
2021-08-08 15:41:30,599 1511 INFO firm01 werkzeug: 88.7.219.254 - - [08/Aug/2021 15:41:30] "GET /web/login HTTP/1.1" 200 - 183 0.398 0.273
2021-08-08 15:41:30,825 1511 INFO firm01 werkzeug: 88.7.219.254 - - [08/Aug/2021 15:41:30] "GET /web/webclient/translations/1628437290732?mods=&lang= HTTP/1.1" 200 - 6 0.009 0.007
2021-08-08 16:01:17,009 1511 INFO firm01 werkzeug: 88.7.219.254 - - [08/Aug/2021 16:01:17] "GET /web/login HTTP/1.1" 200 - 4 0.020 0.012
2021-08-08 16:01:17,319 1511 INFO ? werkzeug: 88.7.219.254 - - [08/Aug/2021 16:01:17] "GET /web/static/lib/fontawesome/fonts/fontawesome-webfont.woff2?v=4.7.0 HTTP/1.1" 200 - - - -
2021-08-08 16:01:17,373 1511 INFO firm01 werkzeug: 88.7.219.254 - - [08/Aug/2021 16:01:17] "GET /web/content/214-18ef7d0/web.assets_frontend.css HTTP/1.1" 200 - 4 0.007 0.048
2021-08-08 16:01:17,378 1511 INFO firm01 werkzeug: 88.7.219.254 - - [08/Aug/2021 16:01:17] "GET /web/content/198-bc12fab/web.assets_common.css HTTP/1.1" 200 - 3 0.014 0.043
2021-08-08 16:01:17,379 1511 INFO firm01 werkzeug: 88.7.219.254 - - [08/Aug/2021 16:01:17] "GET /web/content/200-5f59dc6/web.assets_common_minimal_js.js HTTP/1.1" 200 - 3 0.014 0.043
2021-08-08 16:01:17,854 1511 INFO firm01 werkzeug: 88.7.219.254 - - [08/Aug/2021 16:01:17] "GET /web/content/201-aa0c268/web.assets_frontend_minimal_js.js HTTP/1.1" 200 - 3 0.006 0.008
2021-08-08 16:01:17,856 1511 INFO firm01 werkzeug: 88.7.219.254 - - [08/Aug/2021 16:01:17] "GET /web/binary/company_logo HTTP/1.1" 200 - 2 0.008 0.007
2021-08-08 16:01:18,800 1511 INFO firm01 werkzeug: 88.7.219.254 - - [08/Aug/2021 16:01:18] "GET /web/content/202-970c591/web.assets_common_lazy.js HTTP/1.1" 200 - 3 0.006 0.018
2021-08-08 16:01:20,693 1511 INFO firm01 werkzeug: 88.7.219.254 - - [08/Aug/2021 16:01:20] "GET /web/content/215-3cfd481/web.assets_frontend_lazy.js HTTP/1.1" 200 - 3 0.006 0.007
2021-08-08 16:01:20,799 1511 INFO firm01 werkzeug: 88.7.219.254 - - [08/Aug/2021 16:01:20] "GET /web/webclient/locale/en_US HTTP/1.1" 200 - 1 0.002 0.004
2021-08-08 16:01:20,810 1511 INFO firm01 werkzeug: 88.7.219.254 - - [08/Aug/2021 16:01:20] "GET /web/webclient/translations/1628438480601?mods=&lang= HTTP/1.1" 200 - 5 0.012 0.007
2021-08-08 16:01:40,204 1511 INFO firm01 odoo.addons.base.models.res_users: Login successful for db:firm01 login:admin from 88.7.219.254 
2021-08-08 16:01:40,230 1511 INFO firm01 werkzeug: 88.7.219.254 - - [08/Aug/2021 16:01:40] "POST /web/login HTTP/1.1" 303 - 46 0.093 0.070
2021-08-08 16:01:41,084 1511 INFO firm01 werkzeug: 88.7.219.254 - - [08/Aug/2021 16:01:41] "GET /web HTTP/1.1" 200 - 245 0.342 0.169
2021-08-08 16:01:41,285 1511 INFO firm01 werkzeug: 88.7.219.254 - - [08/Aug/2021 16:01:41] "GET /web/webclient/load_menus/95a8d1c8d79761f495947fab89e30db89039a3687eb49f1e33b84cfcb700f98f HTTP/1.1" 200 - 1 0.002 0.006
2021-08-08 16:01:41,298 1511 INFO firm01 werkzeug: 88.7.219.254 - - [08/Aug/2021 16:01:41] "GET /web/content/208-de6de9a/web.assets_backend.css HTTP/1.1" 200 - 2 0.005 0.013
2021-08-08 16:01:41,312 1511 INFO firm01 werkzeug: 88.7.219.254 - - [08/Aug/2021 16:01:41] "GET /web/content/205-bc12fab/web.assets_common.js HTTP/1.1" 200 - 2 0.005 0.025
2021-08-08 16:01:41,329 1511 INFO firm01 werkzeug: 88.7.219.254 - - [08/Aug/2021 16:01:41] "GET /web/content/209-de6de9a/web.assets_backend.js HTTP/1.1" 200 - 2 0.004 0.024
2021-08-08 16:01:41,593 1511 INFO firm01 werkzeug: 88.7.219.254 - - [08/Aug/2021 16:01:41] "GET /web/content/207-0da7203/web.assets_backend_prod_only.js HTTP/1.1" 200 - 2 0.005 0.007
2021-08-08 16:01:46,710 1511 INFO firm01 werkzeug: 88.7.219.254 - - [08/Aug/2021 16:01:46] "GET /web/webclient/qweb/8bff90136ad57f211f07376499915c8730275007f3000db8a34e10006c2b0f62?mods=base,web,auth_totp,base_import,base_setup,iap,web_editor,web_kanban_gauge,web_tour,web_unsplash HTTP/1.1" 200 - 1 0.002 0.014
2021-08-08 16:01:47,218 1511 INFO firm01 werkzeug: 88.7.219.254 - - [08/Aug/2021 16:01:47] "GET /web/webclient/translations/5227498d9df4b403b0244c75aac21e0c091e50ce?mods=base%2Cweb%2Cauth_totp%2Cbase_import%2Cbase_setup%2Ciap%2Cweb_editor%2Cweb_kanban_gauge%2Cweb_tour%2Cweb_unsplash&lang=en_US HTTP/1.1" 200 - 3 0.006 0.007
2021-08-08 16:01:47,413 1511 INFO ? werkzeug: 88.7.219.254 - - [08/Aug/2021 16:01:47] "GET /web/static/src/img/user_menu_avatar.png HTTP/1.1" 200 - - - -
2021-08-08 16:01:47,435 1511 INFO firm01 werkzeug: 88.7.219.254 - - [08/Aug/2021 16:01:47] "GET /web/image?model=res.users&field=image_128&id=2 HTTP/1.1" 200 - 6 0.011 0.011
2021-08-08 16:01:47,444 1511 INFO firm01 werkzeug: 88.7.219.254 - - [08/Aug/2021 16:01:47] "POST /web/dataset/call_kw/res.users/read HTTP/1.1" 200 - 2 0.004 0.007
2021-08-08 16:01:47,524 1511 INFO firm01 werkzeug: 88.7.219.254 - - [08/Aug/2021 16:01:47] "POST /web/action/load HTTP/1.1" 200 - 29 0.057 0.019
2021-08-08 16:01:47,778 1511 INFO firm01 werkzeug: 88.7.219.254 - - [08/Aug/2021 16:01:47] "POST /web/dataset/call_kw/ir.module.module/load_views HTTP/1.1" 200 - 75 0.113 0.041
2021-08-08 16:01:48,094 1511 INFO firm01 werkzeug: 88.7.219.254 - - [08/Aug/2021 16:01:48] "POST /web/dataset/call_kw/ir.module.module/search_panel_select_range HTTP/1.1" 200 - 42 0.070 0.016
2021-08-08 16:01:48,216 1511 INFO firm01 werkzeug: 88.7.219.254 - - [08/Aug/2021 16:01:48] "POST /web/dataset/search_read HTTP/1.1" 200 - 3 0.007 0.008
2021-08-08 16:01:48,469 1511 INFO ? werkzeug: 88.7.219.254 - - [08/Aug/2021 16:01:48] "GET /sale_management/static/description/icon.png HTTP/1.1" 200 - - - -
2021-08-08 16:01:48,479 1511 INFO ? werkzeug: 88.7.219.254 - - [08/Aug/2021 16:01:48] "GET /account/static/description/icon.png HTTP/1.1" 200 - - - -
2021-08-08 16:01:48,480 1511 INFO ? werkzeug: 88.7.219.254 - - [08/Aug/2021 16:01:48] "GET /crm/static/description/icon.png HTTP/1.1" 200 - - - -
2021-08-08 16:01:48,492 1511 INFO ? werkzeug: 88.7.219.254 - - [08/Aug/2021 16:01:48] "GET /base/static/img/icons/mrp_workorder.png HTTP/1.1" 200 - - - -
2021-08-08 16:01:48,559 1511 INFO ? werkzeug: 88.7.219.254 - - [08/Aug/2021 16:01:48] "GET /website/static/description/icon.png HTTP/1.1" 200 - - - -
2021-08-08 16:01:48,576 1511 INFO ? werkzeug: 88.7.219.254 - - [08/Aug/2021 16:01:48] "GET /stock/static/description/icon.png HTTP/1.1" 200 - - - -
2021-08-08 16:01:48,581 1511 INFO ? werkzeug: 88.7.219.254 - - [08/Aug/2021 16:01:48] "GET /base/static/img/icons/account_accountant.png HTTP/1.1" 200 - - - -
2021-08-08 16:01:48,584 1511 INFO ? werkzeug: 88.7.219.254 - - [08/Aug/2021 16:01:48] "GET /purchase/static/description/icon.png HTTP/1.1" 200 - - - -
2021-08-08 16:01:48,636 1511 INFO ? werkzeug: 88.7.219.254 - - [08/Aug/2021 16:01:48] "GET /point_of_sale/static/description/icon.png HTTP/1.1" 200 - - - -
2021-08-08 16:01:48,664 1511 INFO ? werkzeug: 88.7.219.254 - - [08/Aug/2021 16:01:48] "GET /project/static/description/icon.png HTTP/1.1" 200 - - - -
2021-08-08 16:01:48,695 1511 INFO ? werkzeug: 88.7.219.254 - - [08/Aug/2021 16:01:48] "GET /website_sale/static/description/icon.png HTTP/1.1" 200 - - - -
2021-08-08 16:01:48,699 1511 INFO ? werkzeug: 88.7.219.254 - - [08/Aug/2021 16:01:48] "GET /mrp/static/description/icon.png HTTP/1.1" 200 - - - -
2021-08-08 16:01:48,755 1511 INFO ? werkzeug: 88.7.219.254 - - [08/Aug/2021 16:01:48] "GET /mass_mailing/static/description/icon.png HTTP/1.1" 200 - - - -
2021-08-08 16:01:48,765 1511 INFO ? werkzeug: 88.7.219.254 - - [08/Aug/2021 16:01:48] "GET /base/static/img/icons/timesheet_grid.png HTTP/1.1" 200 - - - -
2021-08-08 16:01:48,767 1511 INFO ? werkzeug: 88.7.219.254 - - [08/Aug/2021 16:01:48] "GET /hr_expense/static/description/icon.png HTTP/1.1" 200 - - - -
2021-08-08 16:01:48,796 1511 INFO ? werkzeug: 88.7.219.254 - - [08/Aug/2021 16:01:48] "GET /base/static/img/icons/web_studio.png HTTP/1.1" 200 - - - -
2021-08-08 16:01:48,835 1511 INFO ? werkzeug: 88.7.219.254 - - [08/Aug/2021 16:01:48] "GET /hr_holidays/static/description/icon.png HTTP/1.1" 200 - - - -
2021-08-08 16:01:48,859 1511 INFO ? werkzeug: 88.7.219.254 - - [08/Aug/2021 16:01:48] "GET /hr_recruitment/static/description/icon.png HTTP/1.1" 200 - - - -
2021-08-08 16:01:48,865 1511 INFO ? werkzeug: 88.7.219.254 - - [08/Aug/2021 16:01:48] "GET /hr/static/description/icon.png HTTP/1.1" 200 - - - -
2021-08-08 16:01:48,885 1511 INFO ? werkzeug: 88.7.219.254 - - [08/Aug/2021 16:01:48] "GET /maintenance/static/description/icon.png HTTP/1.1" 200 - - - -
2021-08-08 16:01:48,934 1511 INFO ? werkzeug: 88.7.219.254 - - [08/Aug/2021 16:01:48] "GET /base/static/description/icon.png HTTP/1.1" 200 - - - -
2021-08-08 16:01:48,939 1511 INFO ? werkzeug: 88.7.219.254 - - [08/Aug/2021 16:01:48] "GET /base/static/img/icons/sign.png HTTP/1.1" 200 - - - -
2021-08-08 16:01:48,947 1511 INFO ? werkzeug: 88.7.219.254 - - [08/Aug/2021 16:01:48] "GET /base/static/img/icons/helpdesk.png HTTP/1.1" 200 - - - -
2021-08-08 16:01:48,983 1511 INFO ? werkzeug: 88.7.219.254 - - [08/Aug/2021 16:01:48] "GET /base/static/img/icons/sale_subscription.png HTTP/1.1" 200 - - - -
2021-08-08 16:01:49,020 1511 INFO ? werkzeug: 88.7.219.254 - - [08/Aug/2021 16:01:49] "GET /base/static/img/icons/quality_control.png HTTP/1.1" 200 - - - -
2021-08-08 16:01:49,036 1511 INFO ? werkzeug: 88.7.219.254 - - [08/Aug/2021 16:01:49] "GET /website_slides/static/description/icon.png HTTP/1.1" 200 - - - -
2021-08-08 16:01:49,052 1511 INFO ? werkzeug: 88.7.219.254 - - [08/Aug/2021 16:01:49] "GET /base/static/img/icons/planning.png HTTP/1.1" 200 - - - -
2021-08-08 16:01:49,077 1511 INFO ? werkzeug: 88.7.219.254 - - [08/Aug/2021 16:01:49] "GET /website_event/static/description/icon.png HTTP/1.1" 200 - - - -
2021-08-08 16:01:49,154 1511 INFO ? werkzeug: 88.7.219.254 - - [08/Aug/2021 16:01:49] "GET /mail/static/description/icon.png HTTP/1.1" 200 - - - -
2021-08-08 16:01:49,155 1511 INFO ? werkzeug: 88.7.219.254 - - [08/Aug/2021 16:01:49] "GET /contacts/static/description/icon.png HTTP/1.1" 200 - - - -
2021-08-08 16:01:49,190 1511 INFO ? werkzeug: 88.7.219.254 - - [08/Aug/2021 16:01:49] "GET /base/static/img/icons/mrp_plm.png HTTP/1.1" 200 - - - -
2021-08-08 16:01:49,231 1511 INFO ? werkzeug: 88.7.219.254 - - [08/Aug/2021 16:01:49] "GET /calendar/static/description/icon.png HTTP/1.1" 200 - - - -
2021-08-08 16:01:49,271 1511 INFO ? werkzeug: 88.7.219.254 - - [08/Aug/2021 16:01:49] "GET /base/static/img/icons/hr_appraisal.png HTTP/1.1" 200 - - - -
2021-08-08 16:01:49,275 1511 INFO ? werkzeug: 88.7.219.254 - - [08/Aug/2021 16:01:49] "GET /fleet/static/description/icon.png HTTP/1.1" 200 - - - -
2021-08-08 16:01:49,278 1511 INFO ? werkzeug: 88.7.219.254 - - [08/Aug/2021 16:01:49] "GET /base/static/img/icons/marketing_automation.png HTTP/1.1" 200 - - - -
2021-08-08 16:01:49,314 1511 INFO ? werkzeug: 88.7.219.254 - - [08/Aug/2021 16:01:49] "GET /website_blog/static/description/icon.png HTTP/1.1" 200 - - - -
2021-08-08 16:01:49,347 1511 INFO ? werkzeug: 88.7.219.254 - - [08/Aug/2021 16:01:49] "GET /im_livechat/static/description/icon.png HTTP/1.1" 200 - - - -
2021-08-08 16:01:49,350 1511 INFO ? werkzeug: 88.7.219.254 - - [08/Aug/2021 16:01:49] "GET /base/static/img/icons/website_calendar.png HTTP/1.1" 200 - - - -
2021-08-08 16:01:49,369 1511 INFO ? werkzeug: 88.7.219.254 - - [08/Aug/2021 16:01:49] "GET /survey/static/description/icon.png HTTP/1.1" 200 - - - -
2021-08-08 16:01:49,415 1511 INFO ? werkzeug: 88.7.219.254 - - [08/Aug/2021 16:01:49] "GET /base/static/img/icons/web_mobile.png HTTP/1.1" 200 - - - -
2021-08-08 16:01:49,434 1511 INFO ? werkzeug: 88.7.219.254 - - [08/Aug/2021 16:01:49] "GET /board/static/description/icon.png HTTP/1.1" 200 - - - -
2021-08-08 16:01:49,448 1511 INFO ? werkzeug: 88.7.219.254 - - [08/Aug/2021 16:01:49] "GET /repair/static/description/icon.png HTTP/1.1" 200 - - - -
2021-08-08 16:01:49,449 1511 INFO ? werkzeug: 88.7.219.254 - - [08/Aug/2021 16:01:49] "GET /hr_attendance/static/description/icon.png HTTP/1.1" 200 - - - -
2021-08-08 16:01:49,506 1511 INFO ? werkzeug: 88.7.219.254 - - [08/Aug/2021 16:01:49] "GET /mass_mailing_sms/static/description/icon.png HTTP/1.1" 200 - - - -
2021-08-08 16:01:49,536 1511 INFO ? werkzeug: 88.7.219.254 - - [08/Aug/2021 16:01:49] "GET /base/static/img/icons/stock_barcode.png HTTP/1.1" 200 - - - -
2021-08-08 16:01:49,546 1511 INFO ? werkzeug: 88.7.219.254 - - [08/Aug/2021 16:01:49] "GET /note/static/description/icon.png HTTP/1.1" 200 - - - -
2021-08-08 16:01:49,553 1511 INFO ? werkzeug: 88.7.219.254 - - [08/Aug/2021 16:01:49] "GET /website_forum/static/description/icon.png HTTP/1.1" 200 - - - -
2021-08-08 16:01:49,645 1511 INFO ? werkzeug: 88.7.219.254 - - [08/Aug/2021 16:01:49] "GET /hr_skills/static/description/icon.png HTTP/1.1" 200 - - - -
2021-08-08 16:01:49,646 1511 INFO ? werkzeug: 88.7.219.254 - - [08/Aug/2021 16:01:49] "GET /base/static/img/icons/voip.png HTTP/1.1" 200 - - - -
2021-08-08 16:01:49,648 1511 INFO ? werkzeug: 88.7.219.254 - - [08/Aug/2021 16:01:49] "GET /lunch/static/description/icon.png HTTP/1.1" 200 - - - -
2021-08-08 16:01:49,649 1511 INFO ? werkzeug: 88.7.219.254 - - [08/Aug/2021 16:01:49] "GET /website_hr_recruitment/static/description/icon.png HTTP/1.1" 200 - - - -
2021-08-08 16:01:49,752 1511 INFO ? werkzeug: 88.7.219.254 - - [08/Aug/2021 16:01:49] "GET /base/static/img/icons/sale_ebay.png HTTP/1.1" 200 - - - -
2021-08-08 16:01:49,792 1511 INFO ? werkzeug: 88.7.219.254 - - [08/Aug/2021 16:01:49] "GET /payment_alipay/static/description/icon.png HTTP/1.1" 200 - - - -
2021-08-08 16:01:49,794 1511 INFO ? werkzeug: 88.7.219.254 - - [08/Aug/2021 16:01:49] "GET /payment_adyen/static/description/icon.png HTTP/1.1" 200 - - - -
2021-08-08 16:01:49,795 1511 INFO ? werkzeug: 88.7.219.254 - - [08/Aug/2021 16:01:49] "GET /payment_authorize/static/description/icon.png HTTP/1.1" 200 - - - -
2021-08-08 16:01:49,873 1511 INFO ? werkzeug: 88.7.219.254 - - [08/Aug/2021 16:01:49] "GET /payment_buckaroo/static/description/icon.png HTTP/1.1" 200 - - - -
2021-08-08 16:01:49,891 1511 INFO ? werkzeug: 88.7.219.254 - - [08/Aug/2021 16:01:49] "GET /payment_ingenico/static/description/icon.png HTTP/1.1" 200 - - - -
2021-08-08 16:01:49,915 1511 INFO ? werkzeug: 88.7.219.254 - - [08/Aug/2021 16:01:49] "GET /payment_paypal/static/description/icon.png HTTP/1.1" 200 - - - -
2021-08-08 16:01:49,945 1511 INFO ? werkzeug: 88.7.219.254 - - [08/Aug/2021 16:01:49] "GET /payment_payumoney/static/description/icon.png HTTP/1.1" 200 - - - -
2021-08-08 16:01:49,992 1511 INFO ? werkzeug: 88.7.219.254 - - [08/Aug/2021 16:01:49] "GET /payment_stripe/static/description/icon.png HTTP/1.1" 200 - - - -
2021-08-08 16:01:49,993 1511 INFO ? werkzeug: 88.7.219.254 - - [08/Aug/2021 16:01:49] "GET /payment_sips/static/description/icon.png HTTP/1.1" 200 - - - -
2021-08-08 16:02:19,159 1511 INFO firm01 werkzeug: 88.7.219.254 - - [08/Aug/2021 16:02:19] "GET /web/session/logout HTTP/1.1" 303 - 1 0.002 0.006
2021-08-08 16:02:19,367 1511 INFO firm01 werkzeug: 88.7.219.254 - - [08/Aug/2021 16:02:19] "GET /web HTTP/1.1" 303 - 1 0.002 0.004
2021-08-08 16:02:19,505 1511 INFO firm01 werkzeug: 88.7.219.254 - - [08/Aug/2021 16:02:19] "GET /web/login HTTP/1.1" 200 - 4 0.007 0.008
2021-08-08 16:02:19,766 1511 INFO firm01 werkzeug: 88.7.219.254 - - [08/Aug/2021 16:02:19] "GET /web/webclient/translations/1628438539564?mods=&lang= HTTP/1.1" 200 - 5 0.008 0.007
2021-08-08 16:20:23,424 1511 INFO firm01 werkzeug: 35.230.17.60 - - [08/Aug/2021 16:20:23] "HEAD /web/login HTTP/1.1" 200 - 107 0.351 0.212
2021-08-08 16:20:23,425 1511 INFO firm01 werkzeug: 35.230.17.60 - - [08/Aug/2021 16:20:23] "HEAD /web/login HTTP/1.1" 200 - 111 0.340 0.226
2021-08-08 16:20:23,427 1511 INFO firm01 werkzeug: 35.230.17.60 - - [08/Aug/2021 16:20:23] "HEAD /web/login HTTP/1.1" 200 - 99 0.414 0.151
2021-08-08 16:25:10,070 1511 INFO firm01 werkzeug: 83.33.125.145 - - [08/Aug/2021 16:25:10] "GET /web/login HTTP/1.1" 200 - 4 0.012 0.008
2021-08-08 16:25:10,384 1511 INFO ? werkzeug: 83.33.125.145 - - [08/Aug/2021 16:25:10] "GET /web/static/lib/fontawesome/fonts/fontawesome-webfont.woff2?v=4.7.0 HTTP/1.1" 200 - - - -
2021-08-08 16:25:10,450 1511 INFO firm01 werkzeug: 83.33.125.145 - - [08/Aug/2021 16:25:10] "GET /web/content/214-18ef7d0/web.assets_frontend.css HTTP/1.1" 200 - 3 0.006 0.009
2021-08-08 16:25:10,454 1511 INFO firm01 werkzeug: 83.33.125.145 - - [08/Aug/2021 16:25:10] "GET /web/content/198-bc12fab/web.assets_common.css HTTP/1.1" 200 - 3 0.010 0.010
2021-08-08 16:25:10,730 1511 INFO firm01 werkzeug: 83.33.125.145 - - [08/Aug/2021 16:25:10] "GET /web/content/200-5f59dc6/web.assets_common_minimal_js.js HTTP/1.1" 200 - 3 0.007 0.008
2021-08-08 16:25:10,776 1511 INFO firm01 werkzeug: 83.33.125.145 - - [08/Aug/2021 16:25:10] "GET /web/content/201-aa0c268/web.assets_frontend_minimal_js.js HTTP/1.1" 200 - 3 0.006 0.007
2021-08-08 16:25:10,852 1511 INFO firm01 werkzeug: 83.33.125.145 - - [08/Aug/2021 16:25:10] "GET /web/binary/company_logo HTTP/1.1" 200 - 2 0.013 0.007
2021-08-08 16:25:11,256 1511 INFO ? werkzeug: 83.33.125.145 - - [08/Aug/2021 16:25:11] "GET /web/static/src/img/favicon.ico HTTP/1.1" 200 - - - -
2021-08-08 16:25:11,280 1511 INFO firm01 werkzeug: 83.33.125.145 - - [08/Aug/2021 16:25:11] "GET /web/content/202-970c591/web.assets_common_lazy.js HTTP/1.1" 200 - 3 0.006 0.017
2021-08-08 16:25:11,943 1511 INFO firm01 werkzeug: 83.33.125.145 - - [08/Aug/2021 16:25:11] "GET /web/content/215-3cfd481/web.assets_frontend_lazy.js HTTP/1.1" 200 - 3 0.006 0.008
2021-08-08 16:25:12,119 1511 INFO firm01 werkzeug: 83.33.125.145 - - [08/Aug/2021 16:25:12] "GET /web/webclient/locale/en_US HTTP/1.1" 200 - 1 0.002 0.005
2021-08-08 16:25:12,141 1511 INFO firm01 werkzeug: 83.33.125.145 - - [08/Aug/2021 16:25:12] "GET /web/webclient/translations/1628439911583?mods=&lang= HTTP/1.1" 200 - 9 0.020 0.010
2021-08-08 16:25:23,149 1511 INFO firm01 odoo.addons.base.models.res_users: Login failed for db:firm01 login:Anthony from 83.33.125.145 
2021-08-08 16:25:23,161 1511 INFO firm01 werkzeug: 83.33.125.145 - - [08/Aug/2021 16:25:23] "POST /web/login HTTP/1.1" 200 - 6 0.099 0.047
2021-08-08 16:25:23,623 1511 INFO firm01 werkzeug: 83.33.125.145 - - [08/Aug/2021 16:25:23] "GET /web/webclient/translations/1628439923176?mods=&lang= HTTP/1.1" 200 - 6 0.009 0.008
2021-08-08 16:25:48,745 1511 INFO firm01 odoo.addons.base.models.res_users: Login failed for db:firm01 login:anthony.stoyanov@sdggroup.com from 83.33.125.145 
2021-08-08 16:25:48,754 1511 INFO firm01 werkzeug: 83.33.125.145 - - [08/Aug/2021 16:25:48] "POST /web/login HTTP/1.1" 200 - 5 0.010 0.011
2021-08-08 16:25:49,207 1511 INFO firm01 werkzeug: 83.33.125.145 - - [08/Aug/2021 16:25:49] "GET /web/webclient/translations/1628439948757?mods=&lang= HTTP/1.1" 200 - 6 0.010 0.010
2021-08-08 17:00:35,353 1511 INFO firm01 werkzeug: 83.33.125.145 - - [08/Aug/2021 17:00:35] "GET /web/login HTTP/1.1" 200 - 4 0.007 0.008
2021-08-08 17:00:36,173 1511 INFO firm01 werkzeug: 83.33.125.145 - - [08/Aug/2021 17:00:36] "GET /web/webclient/translations/1628442035688?mods=&lang= HTTP/1.1" 200 - 6 0.010 0.008
2021-08-08 17:02:01,931 1511 INFO firm01 odoo.addons.base.models.res_users: Login successful for db:firm01 login:admin from 83.33.125.145 
2021-08-08 17:02:01,963 1511 INFO firm01 werkzeug: 83.33.125.145 - - [08/Aug/2021 17:02:01] "POST /web/login HTTP/1.1" 303 - 15 0.146 0.046
2021-08-08 17:02:02,193 1511 INFO firm01 werkzeug: 83.33.125.145 - - [08/Aug/2021 17:02:02] "GET /web HTTP/1.1" 200 - 15 0.136 0.018
2021-08-08 17:02:02,434 1511 INFO firm01 werkzeug: 83.33.125.145 - - [08/Aug/2021 17:02:02] "GET /web/content/205-bc12fab/web.assets_common.js HTTP/1.1" 200 - 2 0.005 0.056
2021-08-08 17:02:02,437 1511 INFO firm01 werkzeug: 83.33.125.145 - - [08/Aug/2021 17:02:02] "GET /web/content/209-de6de9a/web.assets_backend.js HTTP/1.1" 200 - 2 0.013 0.049
2021-08-08 17:02:02,437 1511 INFO firm01 werkzeug: 83.33.125.145 - - [08/Aug/2021 17:02:02] "GET /web/content/208-de6de9a/web.assets_backend.css HTTP/1.1" 200 - 2 0.012 0.053
2021-08-08 17:02:02,441 1511 INFO firm01 werkzeug: 83.33.125.145 - - [08/Aug/2021 17:02:02] "GET /web/content/207-0da7203/web.assets_backend_prod_only.js HTTP/1.1" 200 - 2 0.032 0.034
2021-08-08 17:02:02,446 1511 INFO firm01 werkzeug: 83.33.125.145 - - [08/Aug/2021 17:02:02] "GET /web/webclient/load_menus/95a8d1c8d79761f495947fab89e30db89039a3687eb49f1e33b84cfcb700f98f HTTP/1.1" 200 - 1 0.003 0.005
2021-08-08 17:02:03,223 1511 INFO firm01 werkzeug: 83.33.125.145 - - [08/Aug/2021 17:02:03] "GET /web/webclient/qweb/8bff90136ad57f211f07376499915c8730275007f3000db8a34e10006c2b0f62?mods=base,web,auth_totp,base_import,base_setup,iap,web_editor,web_kanban_gauge,web_tour,web_unsplash HTTP/1.1" 200 - 1 0.002 0.014
2021-08-08 17:02:03,544 1511 INFO firm01 werkzeug: 83.33.125.145 - - [08/Aug/2021 17:02:03] "GET /web/webclient/translations/5227498d9df4b403b0244c75aac21e0c091e50ce?mods=base%2Cweb%2Cauth_totp%2Cbase_import%2Cbase_setup%2Ciap%2Cweb_editor%2Cweb_kanban_gauge%2Cweb_tour%2Cweb_unsplash&lang=en_US HTTP/1.1" 200 - 3 0.006 0.007
2021-08-08 17:02:03,768 1511 INFO firm01 werkzeug: 83.33.125.145 - - [08/Aug/2021 17:02:03] "GET /web/image?model=res.users&field=image_128&id=2 HTTP/1.1" 200 - 5 0.009 0.011
2021-08-08 17:02:03,841 1511 INFO firm01 werkzeug: 83.33.125.145 - - [08/Aug/2021 17:02:03] "POST /web/dataset/call_kw/res.users/read HTTP/1.1" 200 - 2 0.086 0.007
2021-08-08 17:02:03,841 1511 INFO firm01 werkzeug: 83.33.125.145 - - [08/Aug/2021 17:02:03] "GET /web/image/res.company/1/favicon/ HTTP/1.1" 200 - 11 0.027 0.011
2021-08-08 17:02:03,850 1511 INFO firm01 werkzeug: 83.33.125.145 - - [08/Aug/2021 17:02:03] "POST /web/action/load HTTP/1.1" 200 - 15 0.051 0.015
2021-08-08 17:02:04,067 1511 INFO firm01 werkzeug: 83.33.125.145 - - [08/Aug/2021 17:02:04] "POST /web/dataset/call_kw/ir.module.module/load_views HTTP/1.1" 200 - 27 0.097 0.029
2021-08-08 17:02:04,418 1511 INFO firm01 werkzeug: 83.33.125.145 - - [08/Aug/2021 17:02:04] "POST /web/dataset/call_kw/ir.module.module/search_panel_select_range HTTP/1.1" 200 - 37 0.075 0.016
2021-08-08 17:02:04,565 1511 INFO firm01 werkzeug: 83.33.125.145 - - [08/Aug/2021 17:02:04] "POST /web/dataset/search_read HTTP/1.1" 200 - 3 0.007 0.008
2021-08-08 17:02:04,959 1511 INFO ? werkzeug: 83.33.125.145 - - [08/Aug/2021 17:02:04] "GET /sale_management/static/description/icon.png HTTP/1.1" 200 - - - -
2021-08-08 17:02:04,968 1511 INFO ? werkzeug: 83.33.125.145 - - [08/Aug/2021 17:02:04] "GET /account/static/description/icon.png HTTP/1.1" 200 - - - -
2021-08-08 17:02:04,976 1511 INFO ? werkzeug: 83.33.125.145 - - [08/Aug/2021 17:02:04] "GET /crm/static/description/icon.png HTTP/1.1" 200 - - - -
2021-08-08 17:02:04,982 1511 INFO ? werkzeug: 83.33.125.145 - - [08/Aug/2021 17:02:04] "GET /base/static/img/icons/mrp_workorder.png HTTP/1.1" 200 - - - -
2021-08-08 17:02:04,984 1511 INFO ? werkzeug: 83.33.125.145 - - [08/Aug/2021 17:02:04] "GET /website/static/description/icon.png HTTP/1.1" 200 - - - -
2021-08-08 17:02:04,998 1511 INFO ? werkzeug: 83.33.125.145 - - [08/Aug/2021 17:02:04] "GET /stock/static/description/icon.png HTTP/1.1" 200 - - - -
2021-08-08 17:02:05,073 1511 INFO ? werkzeug: 83.33.125.145 - - [08/Aug/2021 17:02:05] "GET /purchase/static/description/icon.png HTTP/1.1" 200 - - - -
2021-08-08 17:02:05,074 1511 INFO ? werkzeug: 83.33.125.145 - - [08/Aug/2021 17:02:05] "GET /base/static/img/icons/account_accountant.png HTTP/1.1" 200 - - - -
2021-08-08 17:02:05,079 1511 INFO ? werkzeug: 83.33.125.145 - - [08/Aug/2021 17:02:05] "GET /point_of_sale/static/description/icon.png HTTP/1.1" 200 - - - -
2021-08-08 17:02:05,084 1511 INFO ? werkzeug: 83.33.125.145 - - [08/Aug/2021 17:02:05] "GET /project/static/description/icon.png HTTP/1.1" 200 - - - -
2021-08-08 17:02:05,092 1511 INFO ? werkzeug: 83.33.125.145 - - [08/Aug/2021 17:02:05] "GET /website_sale/static/description/icon.png HTTP/1.1" 200 - - - -
2021-08-08 17:02:05,121 1511 INFO ? werkzeug: 83.33.125.145 - - [08/Aug/2021 17:02:05] "GET /mrp/static/description/icon.png HTTP/1.1" 200 - - - -
2021-08-08 17:02:05,191 1511 INFO ? werkzeug: 83.33.125.145 - - [08/Aug/2021 17:02:05] "GET /mass_mailing/static/description/icon.png HTTP/1.1" 200 - - - -
2021-08-08 17:02:05,192 1511 INFO ? werkzeug: 83.33.125.145 - - [08/Aug/2021 17:02:05] "GET /base/static/img/icons/timesheet_grid.png HTTP/1.1" 200 - - - -
2021-08-08 17:02:05,200 1511 INFO ? werkzeug: 83.33.125.145 - - [08/Aug/2021 17:02:05] "GET /hr_expense/static/description/icon.png HTTP/1.1" 200 - - - -
2021-08-08 17:02:05,203 1511 INFO ? werkzeug: 83.33.125.145 - - [08/Aug/2021 17:02:05] "GET /base/static/img/icons/web_studio.png HTTP/1.1" 200 - - - -
2021-08-08 17:02:05,203 1511 INFO ? werkzeug: 83.33.125.145 - - [08/Aug/2021 17:02:05] "GET /hr_holidays/static/description/icon.png HTTP/1.1" 200 - - - -
2021-08-08 17:02:05,230 1511 INFO ? werkzeug: 83.33.125.145 - - [08/Aug/2021 17:02:05] "GET /im_livechat/static/description/icon.png HTTP/1.1" 200 - - - -
2021-08-08 17:02:05,289 1511 INFO ? werkzeug: 83.33.125.145 - - [08/Aug/2021 17:02:05] "GET /base/static/img/icons/website_calendar.png HTTP/1.1" 200 - - - -
2021-08-08 17:02:05,290 1511 INFO ? werkzeug: 83.33.125.145 - - [08/Aug/2021 17:02:05] "GET /survey/static/description/icon.png HTTP/1.1" 200 - - - -
2021-08-08 17:02:05,313 1511 INFO ? werkzeug: 83.33.125.145 - - [08/Aug/2021 17:02:05] "GET /base/static/img/icons/hr_appraisal.png HTTP/1.1" 200 - - - -
2021-08-08 17:02:05,314 1511 INFO ? werkzeug: 83.33.125.145 - - [08/Aug/2021 17:02:05] "GET /mail/static/description/icon.png HTTP/1.1" 200 - - - -
2021-08-08 17:02:05,316 1511 INFO ? werkzeug: 83.33.125.145 - - [08/Aug/2021 17:02:05] "GET /base/static/img/icons/planning.png HTTP/1.1" 200 - - - -
2021-08-08 17:02:05,328 1511 INFO ? werkzeug: 83.33.125.145 - - [08/Aug/2021 17:02:05] "GET /base/static/img/icons/sale_subscription.png HTTP/1.1" 200 - - - -
2021-08-08 17:02:05,386 1511 INFO ? werkzeug: 83.33.125.145 - - [08/Aug/2021 17:02:05] "GET /fleet/static/description/icon.png HTTP/1.1" 200 - - - -
2021-08-08 17:02:05,389 1511 INFO ? werkzeug: 83.33.125.145 - - [08/Aug/2021 17:02:05] "GET /calendar/static/description/icon.png HTTP/1.1" 200 - - - -
2021-08-08 17:02:05,412 1511 INFO ? werkzeug: 83.33.125.145 - - [08/Aug/2021 17:02:05] "GET /base/static/img/icons/marketing_automation.png HTTP/1.1" 200 - - - -
2021-08-08 17:02:05,415 1511 INFO ? werkzeug: 83.33.125.145 - - [08/Aug/2021 17:02:05] "GET /website_event/static/description/icon.png HTTP/1.1" 200 - - - -
2021-08-08 17:02:05,416 1511 INFO ? werkzeug: 83.33.125.145 - - [08/Aug/2021 17:02:05] "GET /base/static/img/icons/mrp_plm.png HTTP/1.1" 200 - - - -
2021-08-08 17:02:05,430 1511 INFO ? werkzeug: 83.33.125.145 - - [08/Aug/2021 17:02:05] "GET /base/static/img/icons/quality_control.png HTTP/1.1" 200 - - - -
2021-08-08 17:02:05,478 1511 INFO ? werkzeug: 83.33.125.145 - - [08/Aug/2021 17:02:05] "GET /base/static/description/icon.png HTTP/1.1" 200 - - - -
2021-08-08 17:02:05,483 1511 INFO ? werkzeug: 83.33.125.145 - - [08/Aug/2021 17:02:05] "GET /board/static/description/icon.png HTTP/1.1" 200 - - - -
2021-08-08 17:02:05,513 1511 INFO ? werkzeug: 83.33.125.145 - - [08/Aug/2021 17:02:05] "GET /hr_attendance/static/description/icon.png HTTP/1.1" 200 - - - -
2021-08-08 17:02:05,513 1511 INFO ? werkzeug: 83.33.125.145 - - [08/Aug/2021 17:02:05] "GET /repair/static/description/icon.png HTTP/1.1" 200 - - - -
2021-08-08 17:02:05,519 1511 INFO ? werkzeug: 83.33.125.145 - - [08/Aug/2021 17:02:05] "GET /website_blog/static/description/icon.png HTTP/1.1" 200 - - - -
2021-08-08 17:02:05,536 1511 INFO ? werkzeug: 83.33.125.145 - - [08/Aug/2021 17:02:05] "GET /contacts/static/description/icon.png HTTP/1.1" 200 - - - -
2021-08-08 17:02:05,579 1511 INFO ? werkzeug: 83.33.125.145 - - [08/Aug/2021 17:02:05] "GET /website_slides/static/description/icon.png HTTP/1.1" 200 - - - -
2021-08-08 17:02:05,581 1511 INFO ? werkzeug: 83.33.125.145 - - [08/Aug/2021 17:02:05] "GET /maintenance/static/description/icon.png HTTP/1.1" 200 - - - -
2021-08-08 17:02:05,607 1511 INFO ? werkzeug: 83.33.125.145 - - [08/Aug/2021 17:02:05] "GET /hr/static/description/icon.png HTTP/1.1" 200 - - - -
2021-08-08 17:02:05,608 1511 INFO ? werkzeug: 83.33.125.145 - - [08/Aug/2021 17:02:05] "GET /base/static/img/icons/web_mobile.png HTTP/1.1" 200 - - - -
2021-08-08 17:02:05,621 1511 INFO ? werkzeug: 83.33.125.145 - - [08/Aug/2021 17:02:05] "GET /base/static/img/icons/helpdesk.png HTTP/1.1" 200 - - - -
2021-08-08 17:02:05,634 1511 INFO ? werkzeug: 83.33.125.145 - - [08/Aug/2021 17:02:05] "GET /base/static/img/icons/sign.png HTTP/1.1" 200 - - - -
2021-08-08 17:02:05,677 1511 INFO ? werkzeug: 83.33.125.145 - - [08/Aug/2021 17:02:05] "GET /mass_mailing_sms/static/description/icon.png HTTP/1.1" 200 - - - -
2021-08-08 17:02:05,731 1511 INFO ? werkzeug: 83.33.125.145 - - [08/Aug/2021 17:02:05] "GET /base/static/img/icons/stock_barcode.png HTTP/1.1" 200 - - - -
2021-08-08 17:02:05,731 1511 INFO ? werkzeug: 83.33.125.145 - - [08/Aug/2021 17:02:05] "GET /hr_recruitment/static/description/icon.png HTTP/1.1" 200 - - - -
2021-08-08 17:02:05,772 1511 INFO ? werkzeug: 83.33.125.145 - - [08/Aug/2021 17:02:05] "GET /note/static/description/icon.png HTTP/1.1" 200 - - - -
2021-08-08 17:02:05,773 1511 INFO ? werkzeug: 83.33.125.145 - - [08/Aug/2021 17:02:05] "GET /website_forum/static/description/icon.png HTTP/1.1" 200 - - - -
2021-08-08 17:02:05,774 1511 INFO ? werkzeug: 83.33.125.145 - - [08/Aug/2021 17:02:05] "GET /hr_skills/static/description/icon.png HTTP/1.1" 200 - - - -
2021-08-08 17:02:05,778 1511 INFO ? werkzeug: 83.33.125.145 - - [08/Aug/2021 17:02:05] "GET /base/static/img/icons/voip.png HTTP/1.1" 200 - - - -
2021-08-08 17:02:05,830 1511 INFO ? werkzeug: 83.33.125.145 - - [08/Aug/2021 17:02:05] "GET /lunch/static/description/icon.png HTTP/1.1" 200 - - - -
2021-08-08 17:02:05,836 1511 INFO ? werkzeug: 83.33.125.145 - - [08/Aug/2021 17:02:05] "GET /website_hr_recruitment/static/description/icon.png HTTP/1.1" 200 - - - -
2021-08-08 17:02:05,871 1511 INFO ? werkzeug: 83.33.125.145 - - [08/Aug/2021 17:02:05] "GET /base/static/img/icons/sale_ebay.png HTTP/1.1" 200 - - - -
2021-08-08 17:02:05,877 1511 INFO ? werkzeug: 83.33.125.145 - - [08/Aug/2021 17:02:05] "GET /payment_adyen/static/description/icon.png HTTP/1.1" 200 - - - -
2021-08-08 17:02:05,880 1511 INFO ? werkzeug: 83.33.125.145 - - [08/Aug/2021 17:02:05] "GET /payment_alipay/static/description/icon.png HTTP/1.1" 200 - - - -
2021-08-08 17:02:05,885 1511 INFO ? werkzeug: 83.33.125.145 - - [08/Aug/2021 17:02:05] "GET /payment_authorize/static/description/icon.png HTTP/1.1" 200 - - - -
2021-08-08 17:02:05,933 1511 INFO ? werkzeug: 83.33.125.145 - - [08/Aug/2021 17:02:05] "GET /payment_buckaroo/static/description/icon.png HTTP/1.1" 200 - - - -
2021-08-08 17:02:05,939 1511 INFO ? werkzeug: 83.33.125.145 - - [08/Aug/2021 17:02:05] "GET /payment_ingenico/static/description/icon.png HTTP/1.1" 200 - - - -
2021-08-08 17:02:05,996 1511 INFO ? werkzeug: 83.33.125.145 - - [08/Aug/2021 17:02:05] "GET /payment_paypal/static/description/icon.png HTTP/1.1" 200 - - - -
2021-08-08 17:02:05,997 1511 INFO ? werkzeug: 83.33.125.145 - - [08/Aug/2021 17:02:05] "GET /payment_payumoney/static/description/icon.png HTTP/1.1" 200 - - - -
2021-08-08 17:02:06,037 1511 INFO ? werkzeug: 83.33.125.145 - - [08/Aug/2021 17:02:06] "GET /payment_sips/static/description/icon.png HTTP/1.1" 200 - - - -
2021-08-08 17:02:06,038 1511 INFO ? werkzeug: 83.33.125.145 - - [08/Aug/2021 17:02:06] "GET /payment_stripe/static/description/icon.png HTTP/1.1" 200 - - - -
